../Core/Inc/tlv_parser.hpp:55:32:const Traffic::LaneCounts& TlvParser::getLaneCounts() const	16	static
../Core/Inc/tlv_parser.hpp:64:14:uint32_t TlvParser::getCrcFails() const	16	static
../Core/Inc/tlv_parser.hpp:65:14:uint32_t TlvParser::getResyncs() const	16	static
../Core/Src/app_main.cpp:38:17:void name_traffic_tasks()	8	static
../Core/Src/app_main.cpp:49:13:void SysViewControlTask(void*)	16	static
../Core/Src/app_main.cpp:69:17:bool init_traffic_system()	24	static
../Core/Src/app_main.cpp:121:17:void uartRxTask(void*)	32	static
../Core/Src/app_main.cpp:145:17:void trafficCtrlTask(void*)	40	static
../Core/Src/app_main.cpp:174:17:void uartTxTask(void*)	56	static
../Core/Src/app_main.cpp:196:17:void heartbeatTask(void*)	72	static
../Core/Src/app_main.cpp:236:17:void app_main()	8	static
../Core/Src/app_main.cpp:247:1:void __static_initialization_and_destruction_0()	8	static
../Core/Src/app_main.cpp:247:1:cpp)	8	static
