../Core/Inc/tlv_parser.hpp:27:32:const Traffic::LaneCounts& TlvParser::getLaneCounts() const	16	static
../Core/Src/app_main.cpp:38:17:void name_traffic_tasks()	8	static
../Core/Src/app_main.cpp:49:13:void SysViewControlTask(void*)	16	static,ignoring_inline_asm
../Core/Src/app_main.cpp:67:17:bool init_traffic_system()	24	static
../Core/Src/app_main.cpp:119:17:void uartRxTask(void*)	32	static
../Core/Src/app_main.cpp:142:17:void trafficCtrlTask(void*)	40	static
../Core/Src/app_main.cpp:171:17:void uartTxTask(void*)	56	static
../Core/Src/app_main.cpp:193:17:void heartbeatTask(void*)	72	static
../Core/Src/app_main.cpp:218:17:void app_main()	8	static
../Core/Src/app_main.cpp:229:1:void __static_initialization_and_destruction_0()	8	static
../Core/Src/app_main.cpp:229:1:cpp)	8	static
