../Core/Src/main.c:89:1:main	8	static
../Core/Src/main.c:149:1:SystemClock_Config	88	static
../Core/Src/main.c:198:1:MX_USART2_UART_Init	8	static
../Core/Src/main.c:231:1:MX_GPIO_Init	48	static
../Core/Src/main.c:267:1:SWO_Init	16	static
../Core/Src/main.c:284:1:enableCycleCounter	4	static
../Core/Src/main.c:292:1:getCycleCount	4	static
../Core/Src/main.c:298:1:vApplicationStackOverflowHook	16	static
../Core/Src/main.c:305:1:vApplicationMallocFailedHook	8	static
../Core/Src/main.c:319:1:Error_Handler	4	static,ignoring_inline_asm
