../Core/Src/main.c:89:1:main	8	static
../Core/Src/main.c:150:1:SystemClock_Config	88	static
../Core/Src/main.c:199:1:MX_USART2_UART_Init	8	static
../Core/Src/main.c:232:1:MX_GPIO_Init	48	static
../Core/Src/main.c:268:1:SWO_Init	16	static
../Core/Src/main.c:285:1:enableCycleCounter	4	static
../Core/Src/main.c:293:1:getCycleCount	4	static
../Core/Src/main.c:299:1:vApplicationStackOverflowHook	16	static
../Core/Src/main.c:308:1:vApplicationMallocFailedHook	8	static
../Core/Src/main.c:322:1:Error_Handler	4	static,ignoring_inline_asm
