../Core/Src/stm32f4xx_it.c:84:1:NMI_Handler	4	static
../Core/Src/stm32f4xx_it.c:100:1:HardFault_Handler	4	static
../Core/Src/stm32f4xx_it.c:116:1:MemManage_Handler	4	static
../Core/Src/stm32f4xx_it.c:132:1:BusFault_Handler	4	static
../Core/Src/stm32f4xx_it.c:148:1:UsageFault_Handler	4	static
../Core/Src/stm32f4xx_it.c:164:1:DebugMon_Handler	4	static
../Core/Src/stm32f4xx_it.c:185:1:USART2_IRQHandler	8	static
../Core/Src/stm32f4xx_it.c:199:1:HAL_UART_RxCpltCallback	24	static,ignoring_inline_asm
../Core/Src/stm32f4xx_it.c:217:1:HAL_UART_ErrorCallback	16	static
