../Core/Src/stm32f4xx_it.c:74:6:NMI_Handler	4	static
../Core/Src/stm32f4xx_it.c:89:6:HardFault_Handler	4	static
../Core/Src/stm32f4xx_it.c:104:6:MemManage_Handler	4	static
../Core/Src/stm32f4xx_it.c:119:6:BusFault_Handler	4	static
../Core/Src/stm32f4xx_it.c:134:6:UsageFault_Handler	4	static
../Core/Src/stm32f4xx_it.c:149:6:DebugMon_Handler	4	static
../Core/Src/stm32f4xx_it.c:169:6:USART2_IRQHandler	8	static
../Core/Src/stm32f4xx_it.c:183:1:HAL_UART_RxCpltCallback	24	static,ignoring_inline_asm
../Core/Src/stm32f4xx_it.c:201:1:HAL_UART_ErrorCallback	16	static
