../Core/Src/syscalls.c:44:1:initialise_monitor_handles	4	static
../Core/Src/syscalls.c:55:1:ITM_IsEnabled	4	static
../Core/Src/syscalls.c:67:1:ITM_SendChar_Safe	24	static
../Core/Src/syscalls.c:84:1:_getpid	4	static
../Core/Src/syscalls.c:90:1:_kill	16	static
../Core/Src/syscalls.c:99:1:_exit	16	static
../Core/Src/syscalls.c:108:1:_read	32	static
../Core/Src/syscalls.c:122:1:_write	32	static
../Core/Src/syscalls.c:133:1:_close	16	static
../Core/Src/syscalls.c:140:1:_fstat	16	static
../Core/Src/syscalls.c:148:1:_isatty	16	static
../Core/Src/syscalls.c:155:1:_lseek	24	static
../Core/Src/syscalls.c:164:1:_open	12	static
../Core/Src/syscalls.c:173:1:_wait	16	static
../Core/Src/syscalls.c:181:1:_unlink	16	static
../Core/Src/syscalls.c:189:1:_times	16	static
../Core/Src/syscalls.c:196:1:_stat	16	static
../Core/Src/syscalls.c:204:1:_link	16	static
../Core/Src/syscalls.c:213:1:_fork	8	static
../Core/Src/syscalls.c:220:1:_execve	24	static
