Archive member included to satisfy reference by file (symbol)

/opt/st/stm32cubeide_1.18.1/plugins/com.st.stm32cube.ide.mcu.externaltools.gnu-tools-for-stm32.13.3.rel1.linux64_1.0.0.202410170706/tools/bin/../lib/gcc/arm-none-eabi/13.3.1/../../../../arm-none-eabi/lib/thumb/v7e-m+fp/hard/libstdc++_nano.a(guard.o)
                              ./Core/Src/app_main.o (__cxa_guard_acquire)
/opt/st/stm32cubeide_1.18.1/plugins/com.st.stm32cube.ide.mcu.externaltools.gnu-tools-for-stm32.13.3.rel1.linux64_1.0.0.202410170706/tools/bin/../lib/gcc/arm-none-eabi/13.3.1/../../../../arm-none-eabi/lib/thumb/v7e-m+fp/hard/libc_nano.a(libc_a-exit.o)
                              /opt/st/stm32cubeide_1.18.1/plugins/com.st.stm32cube.ide.mcu.externaltools.gnu-tools-for-stm32.13.3.rel1.linux64_1.0.0.202410170706/tools/bin/../lib/gcc/arm-none-eabi/13.3.1/../../../../arm-none-eabi/lib/thumb/v7e-m+fp/hard/crt0.o (exit)
/opt/st/stm32cubeide_1.18.1/plugins/com.st.stm32cube.ide.mcu.externaltools.gnu-tools-for-stm32.13.3.rel1.linux64_1.0.0.202410170706/tools/bin/../lib/gcc/arm-none-eabi/13.3.1/../../../../arm-none-eabi/lib/thumb/v7e-m+fp/hard/libc_nano.a(libc_a-findfp.o)
                              /opt/st/stm32cubeide_1.18.1/plugins/com.st.stm32cube.ide.mcu.externaltools.gnu-tools-for-stm32.13.3.rel1.linux64_1.0.0.202410170706/tools/bin/../lib/gcc/arm-none-eabi/13.3.1/../../../../arm-none-eabi/lib/thumb/v7e-m+fp/hard/libc_nano.a(libc_a-exit.o) (__stdio_exit_handler)
/opt/st/stm32cubeide_1.18.1/plugins/com.st.stm32cube.ide.mcu.externaltools.gnu-tools-for-stm32.13.3.rel1.linux64_1.0.0.202410170706/tools/bin/../lib/gcc/arm-none-eabi/13.3.1/../../../../arm-none-eabi/lib/thumb/v7e-m+fp/hard/libc_nano.a(libc_a-fwalk.o)
                              /opt/st/stm32cubeide_1.18.1/plugins/com.st.stm32cube.ide.mcu.externaltools.gnu-tools-for-stm32.13.3.rel1.linux64_1.0.0.202410170706/tools/bin/../lib/gcc/arm-none-eabi/13.3.1/../../../../arm-none-eabi/lib/thumb/v7e-m+fp/hard/libc_nano.a(libc_a-findfp.o) (_fwalk_sglue)
/opt/st/stm32cubeide_1.18.1/plugins/com.st.stm32cube.ide.mcu.externaltools.gnu-tools-for-stm32.13.3.rel1.linux64_1.0.0.202410170706/tools/bin/../lib/gcc/arm-none-eabi/13.3.1/../../../../arm-none-eabi/lib/thumb/v7e-m+fp/hard/libc_nano.a(libc_a-printf.o)
                              ./Core/Src/main.o (printf)
/opt/st/stm32cubeide_1.18.1/plugins/com.st.stm32cube.ide.mcu.externaltools.gnu-tools-for-stm32.13.3.rel1.linux64_1.0.0.202410170706/tools/bin/../lib/gcc/arm-none-eabi/13.3.1/../../../../arm-none-eabi/lib/thumb/v7e-m+fp/hard/libc_nano.a(libc_a-puts.o)
                              ./Core/Src/main.o (puts)
/opt/st/stm32cubeide_1.18.1/plugins/com.st.stm32cube.ide.mcu.externaltools.gnu-tools-for-stm32.13.3.rel1.linux64_1.0.0.202410170706/tools/bin/../lib/gcc/arm-none-eabi/13.3.1/../../../../arm-none-eabi/lib/thumb/v7e-m+fp/hard/libc_nano.a(libc_a-stdio.o)
                              /opt/st/stm32cubeide_1.18.1/plugins/com.st.stm32cube.ide.mcu.externaltools.gnu-tools-for-stm32.13.3.rel1.linux64_1.0.0.202410170706/tools/bin/../lib/gcc/arm-none-eabi/13.3.1/../../../../arm-none-eabi/lib/thumb/v7e-m+fp/hard/libc_nano.a(libc_a-findfp.o) (__sread)
/opt/st/stm32cubeide_1.18.1/plugins/com.st.stm32cube.ide.mcu.externaltools.gnu-tools-for-stm32.13.3.rel1.linux64_1.0.0.202410170706/tools/bin/../lib/gcc/arm-none-eabi/13.3.1/../../../../arm-none-eabi/lib/thumb/v7e-m+fp/hard/libc_nano.a(libc_a-wbuf.o)
                              /opt/st/stm32cubeide_1.18.1/plugins/com.st.stm32cube.ide.mcu.externaltools.gnu-tools-for-stm32.13.3.rel1.linux64_1.0.0.202410170706/tools/bin/../lib/gcc/arm-none-eabi/13.3.1/../../../../arm-none-eabi/lib/thumb/v7e-m+fp/hard/libc_nano.a(libc_a-puts.o) (__swbuf_r)
/opt/st/stm32cubeide_1.18.1/plugins/com.st.stm32cube.ide.mcu.externaltools.gnu-tools-for-stm32.13.3.rel1.linux64_1.0.0.202410170706/tools/bin/../lib/gcc/arm-none-eabi/13.3.1/../../../../arm-none-eabi/lib/thumb/v7e-m+fp/hard/libc_nano.a(libc_a-wsetup.o)
                              /opt/st/stm32cubeide_1.18.1/plugins/com.st.stm32cube.ide.mcu.externaltools.gnu-tools-for-stm32.13.3.rel1.linux64_1.0.0.202410170706/tools/bin/../lib/gcc/arm-none-eabi/13.3.1/../../../../arm-none-eabi/lib/thumb/v7e-m+fp/hard/libc_nano.a(libc_a-puts.o) (__swsetup_r)
/opt/st/stm32cubeide_1.18.1/plugins/com.st.stm32cube.ide.mcu.externaltools.gnu-tools-for-stm32.13.3.rel1.linux64_1.0.0.202410170706/tools/bin/../lib/gcc/arm-none-eabi/13.3.1/../../../../arm-none-eabi/lib/thumb/v7e-m+fp/hard/libc_nano.a(libc_a-memcmp.o)
                              ./ThirdParty/SEGGER/OS/SEGGER_SYSVIEW_FreeRTOS.o (memcmp)
/opt/st/stm32cubeide_1.18.1/plugins/com.st.stm32cube.ide.mcu.externaltools.gnu-tools-for-stm32.13.3.rel1.linux64_1.0.0.202410170706/tools/bin/../lib/gcc/arm-none-eabi/13.3.1/../../../../arm-none-eabi/lib/thumb/v7e-m+fp/hard/libc_nano.a(libc_a-memset.o)
[...]
Memory Configuration

Name             Origin             Length             Attributes
RAM              0x20000000         0x00020000         xrw
FLASH            0x08000000         0x00080000         xr
*default*        0x00000000         0xffffffff

Linker script and memory map

LOAD /opt/st/stm32cubeide_1.18.1/plugins/com.st.stm32cube.ide.mcu.externaltools.gnu-tools-for-stm32.13.3.rel1.linux64_1.0.0.202410170706/tools/bin/../lib/gcc/arm-none-eabi/13.3.1/thumb/v7e-m+fp/hard/crti.o
LOAD /opt/st/stm32cubeide_1.18.1/plugins/com.st.stm32cube.ide.mcu.externaltools.gnu-tools-for-stm32.13.3.rel1.linux64_1.0.0.202410170706/tools/bin/../lib/gcc/arm-none-eabi/13.3.1/thumb/v7e-m+fp/hard/crtbegin.o
LOAD /opt/st/stm32cubeide_1.18.1/plugins/com.st.stm32cube.ide.mcu.externaltools.gnu-tools-for-stm32.13.3.rel1.linux64_1.0.0.202410170706/tools/bin/../lib/gcc/arm-none-eabi/13.3.1/../../../../arm-none-eabi/lib/thumb/v7e-m+fp/hard/crt0.o
LOAD ./Core/Src/app_main.o
LOAD ./Core/Src/main.o
LOAD ./Core/Src/stm32f4xx_hal_msp.o
LOAD ./Core/Src/stm32f4xx_it.o
LOAD ./Core/Src/syscalls.o
LOAD ./Core/Src/sysmem.o
LOAD ./Core/Src/system_stm32f4xx.o
LOAD ./Core/Src/traffic_light_controller.o
LOAD ./Core/Startup/startup_stm32f446retx.o
LOAD ./Drivers/STM32F4xx_HAL_Driver/Src/stm32f4xx_hal.o
LOAD ./Drivers/STM32F4xx_HAL_Driver/Src/stm32f4xx_hal_cortex.o
LOAD ./Drivers/STM32F4xx_HAL_Driver/Src/stm32f4xx_hal_dma.o
LOAD ./Drivers/STM32F4xx_HAL_Driver/Src/stm32f4xx_hal_dma_ex.o
LOAD ./Drivers/STM32F4xx_HAL_Driver/Src/stm32f4xx_hal_exti.o
LOAD ./Drivers/STM32F4xx_HAL_Driver/Src/stm32f4xx_hal_flash.o
LOAD ./Drivers/STM32F4xx_HAL_Driver/Src/stm32f4xx_hal_flash_ex.o
LOAD ./Drivers/STM32F4xx_HAL_Driver/Src/stm32f4xx_hal_flash_ramfunc.o
LOAD ./Drivers/STM32F4xx_HAL_Driver/Src/stm32f4xx_hal_gpio.o
LOAD ./Drivers/STM32F4xx_HAL_Driver/Src/stm32f4xx_hal_pwr.o
LOAD ./Drivers/STM32F4xx_HAL_Driver/Src/stm32f4xx_hal_pwr_ex.o
LOAD ./Drivers/STM32F4xx_HAL_Driver/Src/stm32f4xx_hal_rcc.o
LOAD ./Drivers/STM32F4xx_HAL_Driver/Src/stm32f4xx_hal_rcc_ex.o
LOAD ./Drivers/STM32F4xx_HAL_Driver/Src/stm32f4xx_hal_uart.o
LOAD ./ThirdParty/FreeRTOS/croutine.o
LOAD ./ThirdParty/FreeRTOS/event_groups.o
LOAD ./ThirdParty/FreeRTOS/list.o
LOAD ./ThirdParty/FreeRTOS/queue.o
LOAD ./ThirdParty/FreeRTOS/stream_buffer.o
LOAD ./ThirdParty/FreeRTOS/tasks.o
LOAD ./ThirdParty/FreeRTOS/timers.o
LOAD ./ThirdParty/FreeRTOS/portable/GCC/ARM_CM4F/port.o
LOAD ./ThirdParty/FreeRTOS/portable/MemMang/heap_4.o
LOAD ./ThirdParty/SEGGER/Config/BSP_UART.o
LOAD ./ThirdParty/SEGGER/Config/SEGGER_SYSVIEW_Config_FreeRTOS.o
LOAD ./ThirdParty/SEGGER/Config/SEGGER_SYSVIEW_Config_UART.o
LOAD ./ThirdParty/SEGGER/OS/SEGGER_SYSVIEW_FreeRTOS.o
LOAD ./ThirdParty/SEGGER/OS/SEGGER_SYSVIEW_REC.o
LOAD ./ThirdParty/SEGGER/SEGGER/SEGGER_RTT.o
LOAD ./ThirdParty/SEGGER/SEGGER/SEGGER_RTT_ASM_ARMv7M.o
LOAD ./ThirdParty/SEGGER/SEGGER/SEGGER_RTT_printf.o
LOAD ./ThirdParty/SEGGER/SEGGER/SEGGER_SYSVIEW.o
LOAD ./ThirdParty/SEGGER/SEGGER/Syscalls/SEGGER_RTT_Syscalls_GCC.o
START GROUP
LOAD /opt/st/stm32cubeide_1.18.1/plugins/com.st.stm32cube.ide.mcu.externaltools.gnu-tools-for-stm32.13.3.rel1.linux64_1.0.0.202410170706/tools/bin/../lib/gcc/arm-none-eabi/13.3.1/../../../../arm-none-eabi/lib/thumb/v7e-m+fp/hard/libstdc++_nano.a
LOAD /opt/st/stm32cubeide_1.18.1/plugins/com.st.stm32cube.ide.mcu.externaltools.gnu-tools-for-stm32.13.3.rel1.linux64_1.0.0.202410170706/tools/bin/../lib/gcc/arm-none-eabi/13.3.1/../../../../arm-none-eabi/lib/thumb/v7e-m+fp/hard/libsupc++_nano.a
END GROUP
LOAD /opt/st/stm32cubeide_1.18.1/plugins/com.st.stm32cube.ide.mcu.externaltools.gnu-tools-for-stm32.13.3.rel1.linux64_1.0.0.202410170706/tools/bin/../lib/gcc/arm-none-eabi/13.3.1/../../../../arm-none-eabi/lib/thumb/v7e-m+fp/hard/libstdc++_nano.a
LOAD /opt/st/stm32cubeide_1.18.1/plugins/com.st.stm32cube.ide.mcu.externaltools.gnu-tools-for-stm32.13.3.rel1.linux64_1.0.0.202410170706/tools/bin/../lib/gcc/arm-none-eabi/13.3.1/../../../../arm-none-eabi/lib/thumb/v7e-m+fp/hard/libm.a
LOAD /opt/st/stm32cubeide_1.18.1/plugins/com.st.stm32cube.ide.mcu.externaltools.gnu-tools-for-stm32.13.3.rel1.linux64_1.0.0.202410170706/tools/bin/../lib/gcc/arm-none-eabi/13.3.1/../../../../arm-none-eabi/lib/thumb/v7e-m+fp/hard/libc_nano.a
START GROUP
LOAD /opt/st/stm32cubeide_1.18.1/plugins/com.st.stm32cube.ide.mcu.externaltools.gnu-tools-for-stm32.13.3.rel1.linux64_1.0.0.202410170706/tools/bin/../lib/gcc/arm-none-eabi/13.3.1/thumb/v7e-m+fp/hard/libgcc.a
LOAD /opt/st/stm32cubeide_1.18.1/plugins/com.st.stm32cube.ide.mcu.externaltools.gnu-tools-for-stm32.13.3.rel1.linux64_1.0.0.202410170706/tools/bin/../lib/gcc/arm-none-eabi/13.3.1/../../../../arm-none-eabi/lib/thumb/v7e-m+fp/hard/libc_nano.a
END GROUP
START GROUP
LOAD /opt/st/stm32cubeide_1.18.1/plugins/com.st.stm32cube.ide.mcu.externaltools.gnu-tools-for-stm32.13.3.rel1.linux64_1.0.0.202410170706/tools/bin/../lib/gcc/arm-none-eabi/13.3.1/thumb/v7e-m+fp/hard/libgcc.a
LOAD /opt/st/stm32cubeide_1.18.1/plugins/com.st.stm32cube.ide.mcu.externaltools.gnu-tools-for-stm32.13.3.rel1.linux64_1.0.0.202410170706/tools/bin/../lib/gcc/arm-none-eabi/13.3.1/../../../../arm-none-eabi/lib/thumb/v7e-m+fp/hard/libc_nano.a
END GROUP
LOAD /opt/st/stm32cubeide_1.18.1/plugins/com.st.stm32cube.ide.mcu.externaltools.gnu-tools-for-stm32.13.3.rel1.linux64_1.0.0.202410170706/tools/bin/../lib/gcc/arm-none-eabi/13.3.1/thumb/v7e-m+fp/hard/crtend.o
LOAD /opt/st/stm32cubeide_1.18.1/plugins/com.st.stm32cube.ide.mcu.externaltools.gnu-tools-for-stm32.13.3.rel1.linux64_1.0.0.202410170706/tools/bin/../lib/gcc/arm-none-eabi/13.3.1/thumb/v7e-m+fp/hard/crtn.o
                0x20020000                        _estack = (ORIGIN (RAM) + LENGTH (RAM))
                0x00000200                        _Min_Heap_Size = 0x200
                0x00000400                        _Min_Stack_Size = 0x400

.isr_vector     0x08000000      0x1c4
                0x08000000                        . = ALIGN (0x4)
 *(.isr_vector)
 .isr_vector    0x08000000      0x1c4 ./Core/Startup/startup_stm32f446retx.o
                0x08000000                g_pfnVectors
                0x080001c4                        . = ALIGN (0x4)

.text           0x080001d0     0x6378
                0x080001d0                        . = ALIGN (0x4)
 *(.text)
 .text          0x080001d0       0x40 /opt/st/stm32cubeide_1.18.1/plugins/com.st.stm32cube.ide.mcu.externaltools.gnu-tools-for-stm32.13.3.rel1.linux64_1.0.0.202410170706/tools/bin/../lib/gcc/arm-none-eabi/13.3.1/thumb/v7e-m+fp/hard/crtbegin.o
 .text          0x08000210       0x94 ./ThirdParty/SEGGER/SEGGER/SEGGER_RTT_ASM_ARMv7M.o
                0x08000210                SEGGER_RTT_ASM_WriteSkipNoLock
 *fill*         0x080002a4        0xc 
 .text          0x080002b0       0xa0 /opt/st/stm32cubeide_1.18.1/plugins/com.st.stm32cube.ide.mcu.externaltools.gnu-tools-for-stm32.13.3.rel1.linux64_1.0.0.202410170706/tools/bin/../lib/gcc/arm-none-eabi/13.3.1/../../../../arm-none-eabi/lib/thumb/v7e-m+fp/hard/libc_nano.a(libc_a-memchr.o)
                0x080002b0                memchr
 .text          0x08000350       0x30 /opt/st/stm32cubeide_1.18.1/plugins/com.st.stm32cube.ide.mcu.externaltools.gnu-tools-for-stm32.13.3.rel1.linux64_1.0.0.202410170706/tools/bin/../lib/gcc/arm-none-eabi/13.3.1/thumb/v7e-m+fp/hard/libgcc.a(_aeabi_uldivmod.o)
                0x08000350                __aeabi_uldivmod
 .text          0x08000380      0x2f8 /opt/st/stm32cubeide_1.18.1/plugins/com.st.stm32cube.ide.mcu.externaltools.gnu-tools-for-stm32.13.3.rel1.linux64_1.0.0.202410170706/tools/bin/../lib/gcc/arm-none-eabi/13.3.1/thumb/v7e-m+fp/hard/libgcc.a(_udivmoddi4.o)
                0x08000380                __udivmoddi4
 .text          0x08000678        0x4 /opt/st/stm32cubeide_1.18.1/plugins/com.st.stm32cube.ide.mcu.externaltools.gnu-tools-for-stm32.13.3.rel1.linux64_1.0.0.202410170706/tools/bin/../lib/gcc/arm-none-eabi/13.3.1/thumb/v7e-m+fp/hard/libgcc.a(_dvmd_tls.o)
                0x08000678                __aeabi_ldiv0
                0x08000678                __aeabi_idiv0
 *(.text*)
 .text.main     0x0800067c       0x48 ./Core/Src/main.o
                0x0800067c                main
 .text.SystemClock_Config
                0x080006c4       0xdc ./Core/Src/main.o
                0x080006c4                SystemClock_Config
 .text.MX_USART2_UART_Init
                0x080007a0       0x54 ./Core/Src/main.o
 .text.MX_GPIO_Init
                0x080007f4       0xdc ./Core/Src/main.o
 .text.enableCycleCounter
                0x080008d0       0x38 ./Core/Src/main.o
                0x080008d0                enableCycleCounter
 .text.getCycleCount
                0x08000908       0x18 ./Core/Src/main.o
                0x08000908                getCycleCount
 .text.measureForLoop
                0x08000920       0x48 ./Core/Src/main.o
                0x08000920                measureForLoop
 .text.vApplicationStackOverflowHook
                0x08000968       0x1c ./Core/Src/main.o
                0x08000968                vApplicationStackOverflowHook
 .text.vApplicationMallocFailedHook
                0x08000984       0x14 ./Core/Src/main.o
                0x08000984                vApplicationMallocFailedHook
 .text.Error_Handler
                0x08000998        0xc ./Core/Src/main.o
                0x08000998                Error_Handler
 .text.HAL_MspInit
                0x080009a4       0x50 ./Core/Src/stm32f4xx_hal_msp.o
                0x080009a4                HAL_MspInit
 .text.HAL_UART_MspInit
                0x080009f4       0x90 ./Core/Src/stm32f4xx_hal_msp.o
                0x080009f4                HAL_UART_MspInit
 .text.NMI_Handler
                0x08000a84        0x8 ./Core/Src/stm32f4xx_it.o
                0x08000a84                NMI_Handler
 .text.HardFault_Handler
                0x08000a8c        0x8 ./Core/Src/stm32f4xx_it.o
                0x08000a8c                HardFault_Handler
 .text.MemManage_Handler
                0x08000a94        0x8 ./Core/Src/stm32f4xx_it.o
                0x08000a94                MemManage_Handler
 .text.BusFault_Handler
                0x08000a9c        0x8 ./Core/Src/stm32f4xx_it.o
                0x08000a9c                BusFault_Handler
 .text.UsageFault_Handler
                0x08000aa4        0x8 ./Core/Src/stm32f4xx_it.o
                0x08000aa4                UsageFault_Handler
 .text.DebugMon_Handler
                0x08000aac        0xe ./Core/Src/stm32f4xx_it.o
                0x08000aac                DebugMon_Handler
 .text._read    0x08000aba       0x3a ./Core/Src/syscalls.o
                0x08000aba                _read
 .text._close   0x08000af4       0x18 ./Core/Src/syscalls.o
                0x08000af4                _close
 .text._fstat   0x08000b0c       0x20 ./Core/Src/syscalls.o
                0x08000b0c                _fstat
 .text._isatty  0x08000b2c       0x16 ./Core/Src/syscalls.o
                0x08000b2c                _isatty
 .text._lseek   0x08000b42       0x1a ./Core/Src/syscalls.o
                0x08000b42                _lseek
 .text._sbrk    0x08000b5c       0x6c ./Core/Src/sysmem.o
                0x08000b5c                _sbrk
 .text.SystemInit
                0x08000bc8       0x24 ./Core/Src/system_stm32f4xx.o
                0x08000bc8                SystemInit
 .text.Reset_Handler
                0x08000bec       0x50 ./Core/Startup/startup_stm32f446retx.o
                0x08000bec                Reset_Handler
 .text.Default_Handler
                0x08000c3c        0x2 ./Core/Startup/startup_stm32f446retx.o
                0x08000c3c                RTC_Alarm_IRQHandler
                0x08000c3c                EXTI2_IRQHandler
                0x08000c3c                TIM8_CC_IRQHandler
                0x08000c3c                FMPI2C1_EV_IRQHandler
                0x08000c3c                SPI4_IRQHandler
                0x08000c3c                TIM1_CC_IRQHandler
                0x08000c3c                DMA2_Stream5_IRQHandler
                0x08000c3c                DMA1_Stream5_IRQHandler
                0x08000c3c                PVD_IRQHandler
                0x08000c3c                SDIO_IRQHandler
                0x08000c3c                TAMP_STAMP_IRQHandler
                0x08000c3c                CAN2_RX1_IRQHandler
                0x08000c3c                EXTI3_IRQHandler
                0x08000c3c                TIM8_TRG_COM_TIM14_IRQHandler
                0x08000c3c                TIM1_UP_TIM10_IRQHandler
                0x08000c3c                TIM8_UP_TIM13_IRQHandler
                0x08000c3c                I2C3_ER_IRQHandler
                0x08000c3c                EXTI0_IRQHandler
                0x08000c3c                I2C2_EV_IRQHandler
                0x08000c3c                DMA1_Stream2_IRQHandler
                0x08000c3c                CAN1_RX0_IRQHandler
                0x08000c3c                FPU_IRQHandler
                0x08000c3c                OTG_HS_WKUP_IRQHandler
                0x08000c3c                CAN2_SCE_IRQHandler
                0x08000c3c                DMA2_Stream2_IRQHandler
                0x08000c3c                SPI1_IRQHandler
                0x08000c3c                TIM6_DAC_IRQHandler
                0x08000c3c                TIM1_BRK_TIM9_IRQHandler
                0x08000c3c                DCMI_IRQHandler
                0x08000c3c                CAN2_RX0_IRQHandler
                0x08000c3c                DMA2_Stream3_IRQHandler
                0x08000c3c                SAI2_IRQHandler
                0x08000c3c                USART6_IRQHandler
                0x08000c3c                USART3_IRQHandler
                0x08000c3c                CAN1_RX1_IRQHandler
                0x08000c3c                UART5_IRQHandler
                0x08000c3c                DMA2_Stream0_IRQHandler
                0x08000c3c                TIM4_IRQHandler
                0x08000c3c                QUADSPI_IRQHandler
                0x08000c3c                I2C1_EV_IRQHandler
                0x08000c3c                DMA1_Stream6_IRQHandler
                0x08000c3c                DMA1_Stream1_IRQHandler
                0x08000c3c                UART4_IRQHandler
                0x08000c3c                TIM3_IRQHandler
                0x08000c3c                RCC_IRQHandler
                0x08000c3c                TIM8_BRK_TIM12_IRQHandler
                0x08000c3c                Default_Handler
                0x08000c3c                CEC_IRQHandler
                0x08000c3c                EXTI15_10_IRQHandler
                0x08000c3c                ADC_IRQHandler
                0x08000c3c                DMA1_Stream7_IRQHandler
                0x08000c3c                TIM7_IRQHandler
                0x08000c3c                CAN2_TX_IRQHandler
                0x08000c3c                TIM5_IRQHandler
                0x08000c3c                DMA2_Stream7_IRQHandler
                0x08000c3c                I2C3_EV_IRQHandler
                0x08000c3c                EXTI9_5_IRQHandler
                0x08000c3c                RTC_WKUP_IRQHandler
                0x08000c3c                SPDIF_RX_IRQHandler
                0x08000c3c                SPI2_IRQHandler
                0x08000c3c                OTG_HS_EP1_IN_IRQHandler
                0x08000c3c                DMA1_Stream0_IRQHandler
                0x08000c3c                CAN1_TX_IRQHandler
                0x08000c3c                FMPI2C1_ER_IRQHandler
                0x08000c3c                EXTI4_IRQHandler
                0x08000c3c                OTG_HS_EP1_OUT_IRQHandler
                0x08000c3c                WWDG_IRQHandler
                0x08000c3c                TIM2_IRQHandler
                0x08000c3c                OTG_FS_WKUP_IRQHandler
                0x08000c3c                TIM1_TRG_COM_TIM11_IRQHandler
                0x08000c3c                OTG_HS_IRQHandler
                0x08000c3c                EXTI1_IRQHandler
                0x08000c3c                USART2_IRQHandler
                0x08000c3c                I2C2_ER_IRQHandler
                0x08000c3c                DMA2_Stream1_IRQHandler
                0x08000c3c                CAN1_SCE_IRQHandler
                0x08000c3c                FLASH_IRQHandler
                0x08000c3c                DMA2_Stream4_IRQHandler
                0x08000c3c                USART1_IRQHandler
                0x08000c3c                OTG_FS_IRQHandler
                0x08000c3c                SPI3_IRQHandler
                0x08000c3c                DMA1_Stream4_IRQHandler
                0x08000c3c                I2C1_ER_IRQHandler
                0x08000c3c                FMC_IRQHandler
                0x08000c3c                DMA2_Stream6_IRQHandler
                0x08000c3c                SAI1_IRQHandler
                0x08000c3c                DMA1_Stream3_IRQHandler
 *fill*         0x08000c3e        0x2 
 .text.HAL_Init
                0x08000c40       0x44 ./Drivers/STM32F4xx_HAL_Driver/Src/stm32f4xx_hal.o
                0x08000c40                HAL_Init
 .text.HAL_InitTick
                0x08000c84       0x60 ./Drivers/STM32F4xx_HAL_Driver/Src/stm32f4xx_hal.o
                0x08000c84                HAL_InitTick
 .text.HAL_GetTick
                0x08000ce4       0x18 ./Drivers/STM32F4xx_HAL_Driver/Src/stm32f4xx_hal.o
                0x08000ce4                HAL_GetTick
 .text.__NVIC_SetPriorityGrouping
                0x08000cfc       0x48 ./Drivers/STM32F4xx_HAL_Driver/Src/stm32f4xx_hal_cortex.o
 .text.__NVIC_GetPriorityGrouping
                0x08000d44       0x1c ./Drivers/STM32F4xx_HAL_Driver/Src/stm32f4xx_hal_cortex.o
 .text.__NVIC_SetPriority
                0x08000d60       0x54 ./Drivers/STM32F4xx_HAL_Driver/Src/stm32f4xx_hal_cortex.o
 .text.NVIC_EncodePriority
                0x08000db4       0x66 ./Drivers/STM32F4xx_HAL_Driver/Src/stm32f4xx_hal_cortex.o
 *fill*         0x08000e1a        0x2 
 .text.SysTick_Config
                0x08000e1c       0x44 ./Drivers/STM32F4xx_HAL_Driver/Src/stm32f4xx_hal_cortex.o
 .text.HAL_NVIC_SetPriorityGrouping
                0x08000e60       0x16 ./Drivers/STM32F4xx_HAL_Driver/Src/stm32f4xx_hal_cortex.o
                0x08000e60                HAL_NVIC_SetPriorityGrouping
 .text.HAL_NVIC_SetPriority
                0x08000e76       0x38 ./Drivers/STM32F4xx_HAL_Driver/Src/stm32f4xx_hal_cortex.o
                0x08000e76                HAL_NVIC_SetPriority
 .text.HAL_SYSTICK_Config
                0x08000eae       0x18 ./Drivers/STM32F4xx_HAL_Driver/Src/stm32f4xx_hal_cortex.o
                0x08000eae                HAL_SYSTICK_Config
 *fill*         0x08000ec6        0x2 
 .text.HAL_GPIO_Init
                0x08000ec8      0x328 ./Drivers/STM32F4xx_HAL_Driver/Src/stm32f4xx_hal_gpio.o
                0x08000ec8                HAL_GPIO_Init
 .text.HAL_GPIO_WritePin
                0x080011f0       0x32 ./Drivers/STM32F4xx_HAL_Driver/Src/stm32f4xx_hal_gpio.o
                0x080011f0                HAL_GPIO_WritePin
 *fill*         0x08001222        0x2 
 .text.HAL_RCC_ClockConfig
                0x08001224      0x1cc ./Drivers/STM32F4xx_HAL_Driver/Src/stm32f4xx_hal_rcc.o
                0x08001224                HAL_RCC_ClockConfig
 .text.HAL_RCC_GetHCLKFreq
                0x080013f0       0x18 ./Drivers/STM32F4xx_HAL_Driver/Src/stm32f4xx_hal_rcc.o
                0x080013f0                HAL_RCC_GetHCLKFreq
 .text.HAL_RCC_GetPCLK1Freq
                0x08001408       0x28 ./Drivers/STM32F4xx_HAL_Driver/Src/stm32f4xx_hal_rcc.o
                0x08001408                HAL_RCC_GetPCLK1Freq
 .text.HAL_RCC_GetPCLK2Freq
                0x08001430       0x28 ./Drivers/STM32F4xx_HAL_Driver/Src/stm32f4xx_hal_rcc.o
                0x08001430                HAL_RCC_GetPCLK2Freq
 .text.HAL_RCC_GetSysClockFreq
                0x08001458      0x460 ./Drivers/STM32F4xx_HAL_Driver/Src/stm32f4xx_hal_rcc_ex.o
                0x08001458                HAL_RCC_GetSysClockFreq
 .text.HAL_RCC_OscConfig
                0x080018b8      0x53c ./Drivers/STM32F4xx_HAL_Driver/Src/stm32f4xx_hal_rcc_ex.o
                0x080018b8                HAL_RCC_OscConfig
 .text.HAL_UART_Init
                0x08001df4       0xa0 ./Drivers/STM32F4xx_HAL_Driver/Src/stm32f4xx_hal_uart.o
                0x08001df4                HAL_UART_Init
 .text.UART_SetConfig
                0x08001e94      0x4e8 ./Drivers/STM32F4xx_HAL_Driver/Src/stm32f4xx_hal_uart.o
 .text.vListInitialise
                0x0800237c       0x44 ./ThirdParty/FreeRTOS/list.o
                0x0800237c                vListInitialise
 .text.vListInitialiseItem
                0x080023c0       0x1e ./ThirdParty/FreeRTOS/list.o
                0x080023c0                vListInitialiseItem
 .text.uxListRemove
                0x080023de       0x5e ./ThirdParty/FreeRTOS/list.o
                0x080023de                uxListRemove
 .text.prvCreateTask
                0x0800243c       0x78 ./ThirdParty/FreeRTOS/tasks.o
 .text.xTaskCreate
                0x080024b4       0x50 ./ThirdParty/FreeRTOS/tasks.o
                0x080024b4                xTaskCreate
 .text.prvInitialiseNewTask
                0x08002504      0x120 ./ThirdParty/FreeRTOS/tasks.o
 .text.prvAddNewTaskToReadyList
                0x08002624      0x16c ./ThirdParty/FreeRTOS/tasks.o
 .text.prvCreateIdleTasks
                0x08002790       0x94 ./ThirdParty/FreeRTOS/tasks.o
 .text.vTaskStartScheduler
                0x08002824       0xa8 ./ThirdParty/FreeRTOS/tasks.o
                0x08002824                vTaskStartScheduler
 .text.vTaskSuspendAll
                0x080028cc       0x1c ./ThirdParty/FreeRTOS/tasks.o
                0x080028cc                vTaskSuspendAll
 .text.xTaskResumeAll
                0x080028e8      0x224 ./ThirdParty/FreeRTOS/tasks.o
                0x080028e8                xTaskResumeAll
 .text.xTaskGetTickCountFromISR
                0x08002b0c       0x2c ./ThirdParty/FreeRTOS/tasks.o
                0x08002b0c                xTaskGetTickCountFromISR
 .text.xTaskIncrementTick
                0x08002b38      0x244 ./ThirdParty/FreeRTOS/tasks.o
                0x08002b38                xTaskIncrementTick
 .text.vTaskSwitchContext
                0x08002d7c      0x128 ./ThirdParty/FreeRTOS/tasks.o
                0x08002d7c                vTaskSwitchContext
 .text.prvIdleTask
                0x08002ea4       0x30 ./ThirdParty/FreeRTOS/tasks.o
 .text.prvInitialiseTaskLists
                0x08002ed4       0x80 ./ThirdParty/FreeRTOS/tasks.o
 .text.prvCheckTasksWaitingTermination
                0x08002f54       0x5c ./ThirdParty/FreeRTOS/tasks.o
 .text.prvDeleteTCB
                0x08002fb0       0x20 ./ThirdParty/FreeRTOS/tasks.o
 .text.prvResetNextTaskUnblockTime
                0x08002fd0       0x38 ./ThirdParty/FreeRTOS/tasks.o
 .text.pxPortInitialiseStack
                0x08003008       0x68 ./ThirdParty/FreeRTOS/portable/GCC/ARM_CM4F/port.o
                0x08003008                pxPortInitialiseStack
 .text.prvTaskExitError
                0x08003070       0x5c ./ThirdParty/FreeRTOS/portable/GCC/ARM_CM4F/port.o
 *fill*         0x080030cc        0x4 
 .text.SVC_Handler
                0x080030d0       0x28 ./ThirdParty/FreeRTOS/portable/GCC/ARM_CM4F/port.o
                0x080030d0                SVC_Handler
 .text.prvPortStartFirstTask
                0x080030f8       0x2c ./ThirdParty/FreeRTOS/portable/GCC/ARM_CM4F/port.o
 .text.xPortStartScheduler
                0x08003124      0x1e0 ./ThirdParty/FreeRTOS/portable/GCC/ARM_CM4F/port.o
                0x08003124                xPortStartScheduler
 .text.vPortEnterCritical
                0x08003304       0x64 ./ThirdParty/FreeRTOS/portable/GCC/ARM_CM4F/port.o
                0x08003304                vPortEnterCritical
 .text.vPortExitCritical
                0x08003368       0x54 ./ThirdParty/FreeRTOS/portable/GCC/ARM_CM4F/port.o
                0x08003368                vPortExitCritical
 *fill*         0x080033bc        0x4 
 .text.PendSV_Handler
                0x080033c0       0x68 ./ThirdParty/FreeRTOS/portable/GCC/ARM_CM4F/port.o
                0x080033c0                PendSV_Handler
 .text.SysTick_Handler
                0x08003428       0x54 ./ThirdParty/FreeRTOS/portable/GCC/ARM_CM4F/port.o
                0x08003428                SysTick_Handler
 .text.vPortSetupTimerInterrupt
                0x0800347c       0x48 ./ThirdParty/FreeRTOS/portable/GCC/ARM_CM4F/port.o
                0x0800347c                vPortSetupTimerInterrupt
 .text.vPortEnableVFP
                0x080034c4       0x18 ./ThirdParty/FreeRTOS/portable/GCC/ARM_CM4F/port.o
 .text.vPortValidateInterruptPriority
                0x080034dc       0x84 ./ThirdParty/FreeRTOS/portable/GCC/ARM_CM4F/port.o
                0x080034dc                vPortValidateInterruptPriority
 .text.pvPortMalloc
                0x08003560      0x26c ./ThirdParty/FreeRTOS/portable/MemMang/heap_4.o
                0x08003560                pvPortMalloc
 .text.vPortFree
                0x080037cc       0xec ./ThirdParty/FreeRTOS/portable/MemMang/heap_4.o
                0x080037cc                vPortFree
 .text.prvHeapInit
                0x080038b8       0xb4 ./ThirdParty/FreeRTOS/portable/MemMang/heap_4.o
 .text.prvInsertBlockIntoFreeList
                0x0800396c       0xf4 ./ThirdParty/FreeRTOS/portable/MemMang/heap_4.o
 .text._cbSendSystemDesc
                0x08003a60       0x1c ./ThirdParty/SEGGER/Config/SEGGER_SYSVIEW_Config_FreeRTOS.o
 .text.SEGGER_SYSVIEW_Conf
                0x08003a7c       0x2c ./ThirdParty/SEGGER/Config/SEGGER_SYSVIEW_Config_FreeRTOS.o
                0x08003a7c                SEGGER_SYSVIEW_Conf
 .text._cbSendTaskList
                0x08003aa8       0x90 ./ThirdParty/SEGGER/OS/SEGGER_SYSVIEW_FreeRTOS.o
 .text._cbGetTime
                0x08003b38       0x86 ./ThirdParty/SEGGER/OS/SEGGER_SYSVIEW_FreeRTOS.o
 *fill*         0x08003bbe        0x2 
 .text.SYSVIEW_AddTask
                0x08003bc0       0xd0 ./ThirdParty/SEGGER/OS/SEGGER_SYSVIEW_FreeRTOS.o
                0x08003bc0                SYSVIEW_AddTask
 .text.SYSVIEW_SendTaskInfo
                0x08003c90       0x42 ./ThirdParty/SEGGER/OS/SEGGER_SYSVIEW_FreeRTOS.o
                0x08003c90                SYSVIEW_SendTaskInfo
 *fill*         0x08003cd2        0x2 
 .text._DoInit  0x08003cd4       0xb4 ./ThirdParty/SEGGER/SEGGER/SEGGER_RTT.o
 .text._WriteBlocking
                0x08003d88       0xba ./ThirdParty/SEGGER/SEGGER/SEGGER_RTT.o
 .text._WriteNoCheck
                0x08003e42       0x90 ./ThirdParty/SEGGER/SEGGER/SEGGER_RTT.o
 .text._GetAvailWriteSpace
                0x08003ed2       0x46 ./ThirdParty/SEGGER/SEGGER/SEGGER_RTT.o
 .text.SEGGER_RTT_ReadNoLock
                0x08003f18      0x10c ./ThirdParty/SEGGER/SEGGER/SEGGER_RTT.o
                0x08003f18                SEGGER_RTT_ReadNoLock
 .text.SEGGER_RTT_WriteNoLock
                0x08004024       0xa0 ./ThirdParty/SEGGER/SEGGER/SEGGER_RTT.o
                0x08004024                SEGGER_RTT_WriteNoLock
 .text.SEGGER_RTT_Write
                0x080040c4       0x4c ./ThirdParty/SEGGER/SEGGER/SEGGER_RTT.o
                0x080040c4                SEGGER_RTT_Write
 .text.SEGGER_RTT_AllocUpBuffer
                0x08004110      0x108 ./ThirdParty/SEGGER/SEGGER/SEGGER_RTT.o
                0x08004110                SEGGER_RTT_AllocUpBuffer
 .text.SEGGER_RTT_ConfigDownBuffer
                0x08004218       0x98 ./ThirdParty/SEGGER/SEGGER/SEGGER_RTT.o
                0x08004218                SEGGER_RTT_ConfigDownBuffer
 .text._EncodeStr
                0x080042b0       0x72 ./ThirdParty/SEGGER/SEGGER/SEGGER_SYSVIEW.o
 .text._PreparePacket
                0x08004322       0x18 ./ThirdParty/SEGGER/SEGGER/SEGGER_SYSVIEW.o
 *fill*         0x0800433a        0x2 
 .text._HandleIncomingPacket
                0x0800433c       0xdc ./ThirdParty/SEGGER/SEGGER/SEGGER_SYSVIEW.o
 .text._TrySendOverflowPacket
                0x08004418       0xe4 ./ThirdParty/SEGGER/SEGGER/SEGGER_SYSVIEW.o
 .text._SendPacket
                0x080044fc      0x2dc ./ThirdParty/SEGGER/SEGGER/SEGGER_SYSVIEW.o
 .text.SEGGER_SYSVIEW_Init
                0x080047d8       0x88 ./ThirdParty/SEGGER/SEGGER/SEGGER_SYSVIEW.o
                0x080047d8                SEGGER_SYSVIEW_Init
 .text.SEGGER_SYSVIEW_SetRAMBase
                0x08004860       0x20 ./ThirdParty/SEGGER/SEGGER/SEGGER_SYSVIEW.o
                0x08004860                SEGGER_SYSVIEW_SetRAMBase
 .text.SEGGER_SYSVIEW_RecordVoid
                0x08004880       0x3c ./ThirdParty/SEGGER/SEGGER/SEGGER_SYSVIEW.o
                0x08004880                SEGGER_SYSVIEW_RecordVoid
 .text.SEGGER_SYSVIEW_RecordU32
                0x080048bc       0x78 ./ThirdParty/SEGGER/SEGGER/SEGGER_SYSVIEW.o
                0x080048bc                SEGGER_SYSVIEW_RecordU32
 .text.SEGGER_SYSVIEW_RecordU32x2
                0x08004934       0xb4 ./ThirdParty/SEGGER/SEGGER/SEGGER_SYSVIEW.o
                0x08004934                SEGGER_SYSVIEW_RecordU32x2
 .text.SEGGER_SYSVIEW_Start
                0x080049e8      0x174 ./ThirdParty/SEGGER/SEGGER/SEGGER_SYSVIEW.o
                0x080049e8                SEGGER_SYSVIEW_Start
 .text.SEGGER_SYSVIEW_Stop
                0x08004b5c       0x4c ./ThirdParty/SEGGER/SEGGER/SEGGER_SYSVIEW.o
                0x08004b5c                SEGGER_SYSVIEW_Stop
 .text.SEGGER_SYSVIEW_GetSysDesc
                0x08004ba8      0x134 ./ThirdParty/SEGGER/SEGGER/SEGGER_SYSVIEW.o
                0x08004ba8                SEGGER_SYSVIEW_GetSysDesc
 .text.SEGGER_SYSVIEW_SendTaskInfo
                0x08004cdc      0x1c8 ./ThirdParty/SEGGER/SEGGER/SEGGER_SYSVIEW.o
                0x08004cdc                SEGGER_SYSVIEW_SendTaskInfo
 .text.SEGGER_SYSVIEW_SendTaskList
                0x08004ea4       0x28 ./ThirdParty/SEGGER/SEGGER/SEGGER_SYSVIEW.o
                0x08004ea4                SEGGER_SYSVIEW_SendTaskList
 .text.SEGGER_SYSVIEW_SendSysDesc
                0x08004ecc       0x48 ./ThirdParty/SEGGER/SEGGER/SEGGER_SYSVIEW.o
                0x08004ecc                SEGGER_SYSVIEW_SendSysDesc
 .text.SEGGER_SYSVIEW_RecordSystime
                0x08004f14       0x64 ./ThirdParty/SEGGER/SEGGER/SEGGER_SYSVIEW.o
                0x08004f14                SEGGER_SYSVIEW_RecordSystime
 .text.SEGGER_SYSVIEW_RecordEnterISR
                0x08004f78       0x84 ./ThirdParty/SEGGER/SEGGER/SEGGER_SYSVIEW.o
                0x08004f78                SEGGER_SYSVIEW_RecordEnterISR
 .text.SEGGER_SYSVIEW_RecordExitISR
                0x08004ffc       0x38 ./ThirdParty/SEGGER/SEGGER/SEGGER_SYSVIEW.o
                0x08004ffc                SEGGER_SYSVIEW_RecordExitISR
 .text.SEGGER_SYSVIEW_RecordExitISRToScheduler
                0x08005034       0x38 ./ThirdParty/SEGGER/SEGGER/SEGGER_SYSVIEW.o
                0x08005034                SEGGER_SYSVIEW_RecordExitISRToScheduler
 .text.SEGGER_SYSVIEW_RecordEndCall
                0x0800506c       0x78 ./ThirdParty/SEGGER/SEGGER/SEGGER_SYSVIEW.o
                0x0800506c                SEGGER_SYSVIEW_RecordEndCall
 .text.SEGGER_SYSVIEW_RecordEndCallU32
                0x080050e4       0xb0 ./ThirdParty/SEGGER/SEGGER/SEGGER_SYSVIEW.o
                0x080050e4                SEGGER_SYSVIEW_RecordEndCallU32
 .text.SEGGER_SYSVIEW_OnIdle
                0x08005194       0x38 ./ThirdParty/SEGGER/SEGGER/SEGGER_SYSVIEW.o
                0x08005194                SEGGER_SYSVIEW_OnIdle
 .text.SEGGER_SYSVIEW_OnTaskCreate
                0x080051cc       0x84 ./ThirdParty/SEGGER/SEGGER/SEGGER_SYSVIEW.o
                0x080051cc                SEGGER_SYSVIEW_OnTaskCreate
 .text.SEGGER_SYSVIEW_OnTaskStartExec
                0x08005250       0x84 ./ThirdParty/SEGGER/SEGGER/SEGGER_SYSVIEW.o
                0x08005250                SEGGER_SYSVIEW_OnTaskStartExec
 .text.SEGGER_SYSVIEW_OnTaskStartReady
                0x080052d4       0x84 ./ThirdParty/SEGGER/SEGGER/SEGGER_SYSVIEW.o
                0x080052d4                SEGGER_SYSVIEW_OnTaskStartReady
 .text.SEGGER_SYSVIEW_SendModule
                0x08005358      0x114 ./ThirdParty/SEGGER/SEGGER/SEGGER_SYSVIEW.o
                0x08005358                SEGGER_SYSVIEW_SendModule
 .text.SEGGER_SYSVIEW_SendModuleDescription
                0x0800546c       0x3c ./ThirdParty/SEGGER/SEGGER/SEGGER_SYSVIEW.o
                0x0800546c                SEGGER_SYSVIEW_SendModuleDescription
 .text.SEGGER_SYSVIEW_SendNumModules
                0x080054a8       0x7c ./ThirdParty/SEGGER/SEGGER/SEGGER_SYSVIEW.o
                0x080054a8                SEGGER_SYSVIEW_SendNumModules
 .text.SEGGER_SYSVIEW_Warn
                0x08005524       0xb8 ./ThirdParty/SEGGER/SEGGER/SEGGER_SYSVIEW.o
                0x08005524                SEGGER_SYSVIEW_Warn
 .text._write_r
                0x080055dc       0x22 ./ThirdParty/SEGGER/SEGGER/Syscalls/SEGGER_RTT_Syscalls_GCC.o
                0x080055dc                _write_r
 *fill*         0x080055fe        0x2 
 .text.std      0x08005600       0x6c /opt/st/stm32cubeide_1.18.1/plugins/com.st.stm32cube.ide.mcu.externaltools.gnu-tools-for-stm32.13.3.rel1.linux64_1.0.0.202410170706/tools/bin/../lib/gcc/arm-none-eabi/13.3.1/../../../../arm-none-eabi/lib/thumb/v7e-m+fp/hard/libc_nano.a(libc_a-findfp.o)
 .text.stdio_exit_handler
                0x0800566c       0x18 /opt/st/stm32cubeide_1.18.1/plugins/com.st.stm32cube.ide.mcu.externaltools.gnu-tools-for-stm32.13.3.rel1.linux64_1.0.0.202410170706/tools/bin/../lib/gcc/arm-none-eabi/13.3.1/../../../../arm-none-eabi/lib/thumb/v7e-m+fp/hard/libc_nano.a(libc_a-findfp.o)
 .text.cleanup_stdio
                0x08005684       0x40 /opt/st/stm32cubeide_1.18.1/plugins/com.st.stm32cube.ide.mcu.externaltools.gnu-tools-for-stm32.13.3.rel1.linux64_1.0.0.202410170706/tools/bin/../lib/gcc/arm-none-eabi/13.3.1/../../../../arm-none-eabi/lib/thumb/v7e-m+fp/hard/libc_nano.a(libc_a-findfp.o)
 .text.global_stdio_init.part.0
                0x080056c4       0x3c /opt/st/stm32cubeide_1.18.1/plugins/com.st.stm32cube.ide.mcu.externaltools.gnu-tools-for-stm32.13.3.rel1.linux64_1.0.0.202410170706/tools/bin/../lib/gcc/arm-none-eabi/13.3.1/../../../../arm-none-eabi/lib/thumb/v7e-m+fp/hard/libc_nano.a(libc_a-findfp.o)
 .text.__sfp_lock_acquire
                0x08005700        0xc /opt/st/stm32cubeide_1.18.1/plugins/com.st.stm32cube.ide.mcu.externaltools.gnu-tools-for-stm32.13.3.rel1.linux64_1.0.0.202410170706/tools/bin/../lib/gcc/arm-none-eabi/13.3.1/../../../../arm-none-eabi/lib/thumb/v7e-m+fp/hard/libc_nano.a(libc_a-findfp.o)
                0x08005700                __sfp_lock_acquire
 .text.__sfp_lock_release
                0x0800570c        0xc /opt/st/stm32cubeide_1.18.1/plugins/com.st.stm32cube.ide.mcu.externaltools.gnu-tools-for-stm32.13.3.rel1.linux64_1.0.0.202410170706/tools/bin/../lib/gcc/arm-none-eabi/13.3.1/../../../../arm-none-eabi/lib/thumb/v7e-m+fp/hard/libc_nano.a(libc_a-findfp.o)
                0x0800570c                __sfp_lock_release
 .text.__sinit  0x08005718       0x30 /opt/st/stm32cubeide_1.18.1/plugins/com.st.stm32cube.ide.mcu.externaltools.gnu-tools-for-stm32.13.3.rel1.linux64_1.0.0.202410170706/tools/bin/../lib/gcc/arm-none-eabi/13.3.1/../../../../arm-none-eabi/lib/thumb/v7e-m+fp/hard/libc_nano.a(libc_a-findfp.o)
                0x08005718                __sinit
 .text._fwalk_sglue
                0x08005748       0x3c /opt/st/stm32cubeide_1.18.1/plugins/com.st.stm32cube.ide.mcu.externaltools.gnu-tools-for-stm32.13.3.rel1.linux64_1.0.0.202410170706/tools/bin/../lib/gcc/arm-none-eabi/13.3.1/../../../../arm-none-eabi/lib/thumb/v7e-m+fp/hard/libc_nano.a(libc_a-fwalk.o)
                0x08005748                _fwalk_sglue
 .text.printf   0x08005784       0x24 /opt/st/stm32cubeide_1.18.1/plugins/com.st.stm32cube.ide.mcu.externaltools.gnu-tools-for-stm32.13.3.rel1.linux64_1.0.0.202410170706/tools/bin/../lib/gcc/arm-none-eabi/13.3.1/../../../../arm-none-eabi/lib/thumb/v7e-m+fp/hard/libc_nano.a(libc_a-printf.o)
                0x08005784                printf
                0x08005784                iprintf
 .text._puts_r  0x080057a8       0xaa /opt/st/stm32cubeide_1.18.1/plugins/com.st.stm32cube.ide.mcu.externaltools.gnu-tools-for-stm32.13.3.rel1.linux64_1.0.0.202410170706/tools/bin/../lib/gcc/arm-none-eabi/13.3.1/../../../../arm-none-eabi/lib/thumb/v7e-m+fp/hard/libc_nano.a(libc_a-puts.o)
                0x080057a8                _puts_r
 *fill*         0x08005852        0x2 
 .text.puts     0x08005854       0x10 /opt/st/stm32cubeide_1.18.1/plugins/com.st.stm32cube.ide.mcu.externaltools.gnu-tools-for-stm32.13.3.rel1.linux64_1.0.0.202410170706/tools/bin/../lib/gcc/arm-none-eabi/13.3.1/../../../../arm-none-eabi/lib/thumb/v7e-m+fp/hard/libc_nano.a(libc_a-puts.o)
                0x08005854                puts
 .text.__sread  0x08005864       0x22 /opt/st/stm32cubeide_1.18.1/plugins/com.st.stm32cube.ide.mcu.externaltools.gnu-tools-for-stm32.13.3.rel1.linux64_1.0.0.202410170706/tools/bin/../lib/gcc/arm-none-eabi/13.3.1/../../../../arm-none-eabi/lib/thumb/v7e-m+fp/hard/libc_nano.a(libc_a-stdio.o)
                0x08005864                __sread
 .text.__swrite
                0x08005886       0x38 /opt/st/stm32cubeide_1.18.1/plugins/com.st.stm32cube.ide.mcu.externaltools.gnu-tools-for-stm32.13.3.rel1.linux64_1.0.0.202410170706/tools/bin/../lib/gcc/arm-none-eabi/13.3.1/../../../../arm-none-eabi/lib/thumb/v7e-m+fp/hard/libc_nano.a(libc_a-stdio.o)
                0x08005886                __swrite
 .text.__sseek  0x080058be       0x24 /opt/st/stm32cubeide_1.18.1/plugins/com.st.stm32cube.ide.mcu.externaltools.gnu-tools-for-stm32.13.3.rel1.linux64_1.0.0.202410170706/tools/bin/../lib/gcc/arm-none-eabi/13.3.1/../../../../arm-none-eabi/lib/thumb/v7e-m+fp/hard/libc_nano.a(libc_a-stdio.o)
                0x080058be                __sseek
 .text.__sclose
                0x080058e2        0x8 /opt/st/stm32cubeide_1.18.1/plugins/com.st.stm32cube.ide.mcu.externaltools.gnu-tools-for-stm32.13.3.rel1.linux64_1.0.0.202410170706/tools/bin/../lib/gcc/arm-none-eabi/13.3.1/../../../../arm-none-eabi/lib/thumb/v7e-m+fp/hard/libc_nano.a(libc_a-stdio.o)
                0x080058e2                __sclose
 .text.__swbuf_r
                0x080058ea       0x7c /opt/st/stm32cubeide_1.18.1/plugins/com.st.stm32cube.ide.mcu.externaltools.gnu-tools-for-stm32.13.3.rel1.linux64_1.0.0.202410170706/tools/bin/../lib/gcc/arm-none-eabi/13.3.1/../../../../arm-none-eabi/lib/thumb/v7e-m+fp/hard/libc_nano.a(libc_a-wbuf.o)
                0x080058ea                __swbuf_r
 *fill*         0x08005966        0x2 
 .text.__swsetup_r
                0x08005968       0xac /opt/st/stm32cubeide_1.18.1/plugins/com.st.stm32cube.ide.mcu.externaltools.gnu-tools-for-stm32.13.3.rel1.linux64_1.0.0.202410170706/tools/bin/../lib/gcc/arm-none-eabi/13.3.1/../../../../arm-none-eabi/lib/thumb/v7e-m+fp/hard/libc_nano.a(libc_a-wsetup.o)
                0x08005968                __swsetup_r
 .text.memcmp   0x08005a14       0x20 /opt/st/stm32cubeide_1.18.1/plugins/com.st.stm32cube.ide.mcu.externaltools.gnu-tools-for-stm32.13.3.rel1.linux64_1.0.0.202410170706/tools/bin/../lib/gcc/arm-none-eabi/13.3.1/../../../../arm-none-eabi/lib/thumb/v7e-m+fp/hard/libc_nano.a(libc_a-memcmp.o)
                0x08005a14                memcmp
 .text.memset   0x08005a34       0x10 /opt/st/stm32cubeide_1.18.1/plugins/com.st.stm32cube.ide.mcu.externaltools.gnu-tools-for-stm32.13.3.rel1.linux64_1.0.0.202410170706/tools/bin/../lib/gcc/arm-none-eabi/13.3.1/../../../../arm-none-eabi/lib/thumb/v7e-m+fp/hard/libc_nano.a(libc_a-memset.o)
                0x08005a34                memset
 .text._close_r
                0x08005a44       0x20 /opt/st/stm32cubeide_1.18.1/plugins/com.st.stm32cube.ide.mcu.externaltools.gnu-tools-for-stm32.13.3.rel1.linux64_1.0.0.202410170706/tools/bin/../lib/gcc/arm-none-eabi/13.3.1/../../../../arm-none-eabi/lib/thumb/v7e-m+fp/hard/libc_nano.a(libc_a-closer.o)
                0x08005a44                _close_r
 .text._lseek_r
                0x08005a64       0x24 /opt/st/stm32cubeide_1.18.1/plugins/com.st.stm32cube.ide.mcu.externaltools.gnu-tools-for-stm32.13.3.rel1.linux64_1.0.0.202410170706/tools/bin/../lib/gcc/arm-none-eabi/13.3.1/../../../../arm-none-eabi/lib/thumb/v7e-m+fp/hard/libc_nano.a(libc_a-lseekr.o)
                0x08005a64                _lseek_r
 .text._read_r  0x08005a88       0x24 /opt/st/stm32cubeide_1.18.1/plugins/com.st.stm32cube.ide.mcu.externaltools.gnu-tools-for-stm32.13.3.rel1.linux64_1.0.0.202410170706/tools/bin/../lib/gcc/arm-none-eabi/13.3.1/../../../../arm-none-eabi/lib/thumb/v7e-m+fp/hard/libc_nano.a(libc_a-readr.o)
                0x08005a88                _read_r
 .text.__errno  0x08005aac        0xc /opt/st/stm32cubeide_1.18.1/plugins/com.st.stm32cube.ide.mcu.externaltools.gnu-tools-for-stm32.13.3.rel1.linux64_1.0.0.202410170706/tools/bin/../lib/gcc/arm-none-eabi/13.3.1/../../../../arm-none-eabi/lib/thumb/v7e-m+fp/hard/libc_nano.a(libc_a-errno.o)
                0x08005aac                __errno
 .text.__libc_init_array
                0x08005ab8       0x48 /opt/st/stm32cubeide_1.18.1/plugins/com.st.stm32cube.ide.mcu.externaltools.gnu-tools-for-stm32.13.3.rel1.linux64_1.0.0.202410170706/tools/bin/../lib/gcc/arm-none-eabi/13.3.1/../../../../arm-none-eabi/lib/thumb/v7e-m+fp/hard/libc_nano.a(libc_a-init.o)
                0x08005ab8                __libc_init_array
 .text.__retarget_lock_init_recursive
                0x08005b00        0x2 /opt/st/stm32cubeide_1.18.1/plugins/com.st.stm32cube.ide.mcu.externaltools.gnu-tools-for-stm32.13.3.rel1.linux64_1.0.0.202410170706/tools/bin/../lib/gcc/arm-none-eabi/13.3.1/../../../../arm-none-eabi/lib/thumb/v7e-m+fp/hard/libc_nano.a(libc_a-lock.o)
                0x08005b00                __retarget_lock_init_recursive
 .text.__retarget_lock_acquire_recursive
                0x08005b02        0x2 /opt/st/stm32cubeide_1.18.1/plugins/com.st.stm32cube.ide.mcu.externaltools.gnu-tools-for-stm32.13.3.rel1.linux64_1.0.0.202410170706/tools/bin/../lib/gcc/arm-none-eabi/13.3.1/../../../../arm-none-eabi/lib/thumb/v7e-m+fp/hard/libc_nano.a(libc_a-lock.o)
                0x08005b02                __retarget_lock_acquire_recursive
 .text.__retarget_lock_release_recursive
                0x08005b04        0x2 /opt/st/stm32cubeide_1.18.1/plugins/com.st.stm32cube.ide.mcu.externaltools.gnu-tools-for-stm32.13.3.rel1.linux64_1.0.0.202410170706/tools/bin/../lib/gcc/arm-none-eabi/13.3.1/../../../../arm-none-eabi/lib/thumb/v7e-m+fp/hard/libc_nano.a(libc_a-lock.o)
                0x08005b04                __retarget_lock_release_recursive
 .text.memcpy   0x08005b06       0x1c /opt/st/stm32cubeide_1.18.1/plugins/com.st.stm32cube.ide.mcu.externaltools.gnu-tools-for-stm32.13.3.rel1.linux64_1.0.0.202410170706/tools/bin/../lib/gcc/arm-none-eabi/13.3.1/../../../../arm-none-eabi/lib/thumb/v7e-m+fp/hard/libc_nano.a(libc_a-memcpy-stub.o)
                0x08005b06                memcpy
 *fill*         0x08005b22        0x2 
 .text._free_r  0x08005b24       0x94 /opt/st/stm32cubeide_1.18.1/plugins/com.st.stm32cube.ide.mcu.externaltools.gnu-tools-for-stm32.13.3.rel1.linux64_1.0.0.202410170706/tools/bin/../lib/gcc/arm-none-eabi/13.3.1/../../../../arm-none-eabi/lib/thumb/v7e-m+fp/hard/libc_nano.a(libc_a-freer.o)
                0x08005b24                _free_r
 .text.sbrk_aligned
                0x08005bb8       0x44 /opt/st/stm32cubeide_1.18.1/plugins/com.st.stm32cube.ide.mcu.externaltools.gnu-tools-for-stm32.13.3.rel1.linux64_1.0.0.202410170706/tools/bin/../lib/gcc/arm-none-eabi/13.3.1/../../../../arm-none-eabi/lib/thumb/v7e-m+fp/hard/libc_nano.a(libc_a-mallocr.o)
 .text._malloc_r
                0x08005bfc      0x100 /opt/st/stm32cubeide_1.18.1/plugins/com.st.stm32cube.ide.mcu.externaltools.gnu-tools-for-stm32.13.3.rel1.linux64_1.0.0.202410170706/tools/bin/../lib/gcc/arm-none-eabi/13.3.1/../../../../arm-none-eabi/lib/thumb/v7e-m+fp/hard/libc_nano.a(libc_a-mallocr.o)
                0x08005bfc                _malloc_r
 .text.__malloc_lock
                0x08005cfc        0xc /opt/st/stm32cubeide_1.18.1/plugins/com.st.stm32cube.ide.mcu.externaltools.gnu-tools-for-stm32.13.3.rel1.linux64_1.0.0.202410170706/tools/bin/../lib/gcc/arm-none-eabi/13.3.1/../../../../arm-none-eabi/lib/thumb/v7e-m+fp/hard/libc_nano.a(libc_a-mlock.o)
                0x08005cfc                __malloc_lock
 .text.__malloc_unlock
                0x08005d08        0xc /opt/st/stm32cubeide_1.18.1/plugins/com.st.stm32cube.ide.mcu.externaltools.gnu-tools-for-stm32.13.3.rel1.linux64_1.0.0.202410170706/tools/bin/../lib/gcc/arm-none-eabi/13.3.1/../../../../arm-none-eabi/lib/thumb/v7e-m+fp/hard/libc_nano.a(libc_a-mlock.o)
                0x08005d08                __malloc_unlock
 .text.__sfputc_r
                0x08005d14       0x2e /opt/st/stm32cubeide_1.18.1/plugins/com.st.stm32cube.ide.mcu.externaltools.gnu-tools-for-stm32.13.3.rel1.linux64_1.0.0.202410170706/tools/bin/../lib/gcc/arm-none-eabi/13.3.1/../../../../arm-none-eabi/lib/thumb/v7e-m+fp/hard/libc_nano.a(libc_a-nano-vfprintf.o)
 .text.__sfputs_r
                0x08005d42       0x24 /opt/st/stm32cubeide_1.18.1/plugins/com.st.stm32cube.ide.mcu.externaltools.gnu-tools-for-stm32.13.3.rel1.linux64_1.0.0.202410170706/tools/bin/../lib/gcc/arm-none-eabi/13.3.1/../../../../arm-none-eabi/lib/thumb/v7e-m+fp/hard/libc_nano.a(libc_a-nano-vfprintf.o)
                0x08005d42                __sfputs_r
 *fill*         0x08005d66        0x2 
 .text._vfprintf_r
                0x08005d68      0x230 /opt/st/stm32cubeide_1.18.1/plugins/com.st.stm32cube.ide.mcu.externaltools.gnu-tools-for-stm32.13.3.rel1.linux64_1.0.0.202410170706/tools/bin/../lib/gcc/arm-none-eabi/13.3.1/../../../../arm-none-eabi/lib/thumb/v7e-m+fp/hard/libc_nano.a(libc_a-nano-vfprintf.o)
                0x08005d68                _vfiprintf_r
                0x08005d68                _vfprintf_r
 .text._printf_common
                0x08005f98       0xda /opt/st/stm32cubeide_1.18.1/plugins/com.st.stm32cube.ide.mcu.externaltools.gnu-tools-for-stm32.13.3.rel1.linux64_1.0.0.202410170706/tools/bin/../lib/gcc/arm-none-eabi/13.3.1/../../../../arm-none-eabi/lib/thumb/v7e-m+fp/hard/libc_nano.a(libc_a-nano-vfprintf_i.o)
                0x08005f98                _printf_common
 *fill*         0x08006072        0x2 
 .text._printf_i
                0x08006074      0x23c /opt/st/stm32cubeide_1.18.1/plugins/com.st.stm32cube.ide.mcu.externaltools.gnu-tools-for-stm32.13.3.rel1.linux64_1.0.0.202410170706/tools/bin/../lib/gcc/arm-none-eabi/13.3.1/../../../../arm-none-eabi/lib/thumb/v7e-m+fp/hard/libc_nano.a(libc_a-nano-vfprintf_i.o)
                0x08006074                _printf_i
 .text.__sflush_r
                0x080062b0      0x108 /opt/st/stm32cubeide_1.18.1/plugins/com.st.stm32cube.ide.mcu.externaltools.gnu-tools-for-stm32.13.3.rel1.linux64_1.0.0.202410170706/tools/bin/../lib/gcc/arm-none-eabi/13.3.1/../../../../arm-none-eabi/lib/thumb/v7e-m+fp/hard/libc_nano.a(libc_a-fflush.o)
                0x080062b0                __sflush_r
 .text._fflush_r
                0x080063b8       0x50 /opt/st/stm32cubeide_1.18.1/plugins/com.st.stm32cube.ide.mcu.externaltools.gnu-tools-for-stm32.13.3.rel1.linux64_1.0.0.202410170706/tools/bin/../lib/gcc/arm-none-eabi/13.3.1/../../../../arm-none-eabi/lib/thumb/v7e-m+fp/hard/libc_nano.a(libc_a-fflush.o)
                0x080063b8                _fflush_r
 .text.__swhatbuf_r
                0x08006408       0x4c /opt/st/stm32cubeide_1.18.1/plugins/com.st.stm32cube.ide.mcu.externaltools.gnu-tools-for-stm32.13.3.rel1.linux64_1.0.0.202410170706/tools/bin/../lib/gcc/arm-none-eabi/13.3.1/../../../../arm-none-eabi/lib/thumb/v7e-m+fp/hard/libc_nano.a(libc_a-makebuf.o)
                0x08006408                __swhatbuf_r
 .text.__smakebuf_r
                0x08006454       0x78 /opt/st/stm32cubeide_1.18.1/plugins/com.st.stm32cube.ide.mcu.externaltools.gnu-tools-for-stm32.13.3.rel1.linux64_1.0.0.202410170706/tools/bin/../lib/gcc/arm-none-eabi/13.3.1/../../../../arm-none-eabi/lib/thumb/v7e-m+fp/hard/libc_nano.a(libc_a-makebuf.o)
                0x08006454                __smakebuf_r
 .text._fstat_r
                0x080064cc       0x24 /opt/st/stm32cubeide_1.18.1/plugins/com.st.stm32cube.ide.mcu.externaltools.gnu-tools-for-stm32.13.3.rel1.linux64_1.0.0.202410170706/tools/bin/../lib/gcc/arm-none-eabi/13.3.1/../../../../arm-none-eabi/lib/thumb/v7e-m+fp/hard/libc_nano.a(libc_a-fstatr.o)
                0x080064cc                _fstat_r
 .text._isatty_r
                0x080064f0       0x20 /opt/st/stm32cubeide_1.18.1/plugins/com.st.stm32cube.ide.mcu.externaltools.gnu-tools-for-stm32.13.3.rel1.linux64_1.0.0.202410170706/tools/bin/../lib/gcc/arm-none-eabi/13.3.1/../../../../arm-none-eabi/lib/thumb/v7e-m+fp/hard/libc_nano.a(libc_a-isattyr.o)
                0x080064f0                _isatty_r
 .text._sbrk_r  0x08006510       0x20 /opt/st/stm32cubeide_1.18.1/plugins/com.st.stm32cube.ide.mcu.externaltools.gnu-tools-for-stm32.13.3.rel1.linux64_1.0.0.202410170706/tools/bin/../lib/gcc/arm-none-eabi/13.3.1/../../../../arm-none-eabi/lib/thumb/v7e-m+fp/hard/libc_nano.a(libc_a-sbrkr.o)
                0x08006510                _sbrk_r
 *(.glue_7)
 .glue_7        0x08006530        0x0 linker stubs
 *(.glue_7t)
 .glue_7t       0x08006530        0x0 linker stubs
 *(.eh_frame)
 .eh_frame      0x08006530        0x0 /opt/st/stm32cubeide_1.18.1/plugins/com.st.stm32cube.ide.mcu.externaltools.gnu-tools-for-stm32.13.3.rel1.linux64_1.0.0.202410170706/tools/bin/../lib/gcc/arm-none-eabi/13.3.1/thumb/v7e-m+fp/hard/crtbegin.o
 *(.init)
 .init          0x08006530        0x4 /opt/st/stm32cubeide_1.18.1/plugins/com.st.stm32cube.ide.mcu.externaltools.gnu-tools-for-stm32.13.3.rel1.linux64_1.0.0.202410170706/tools/bin/../lib/gcc/arm-none-eabi/13.3.1/thumb/v7e-m+fp/hard/crti.o
                0x08006530                _init
 .init          0x08006534        0x8 /opt/st/stm32cubeide_1.18.1/plugins/com.st.stm32cube.ide.mcu.externaltools.gnu-tools-for-stm32.13.3.rel1.linux64_1.0.0.202410170706/tools/bin/../lib/gcc/arm-none-eabi/13.3.1/thumb/v7e-m+fp/hard/crtn.o
 *(.fini)
 .fini          0x0800653c        0x4 /opt/st/stm32cubeide_1.18.1/plugins/com.st.stm32cube.ide.mcu.externaltools.gnu-tools-for-stm32.13.3.rel1.linux64_1.0.0.202410170706/tools/bin/../lib/gcc/arm-none-eabi/13.3.1/thumb/v7e-m+fp/hard/crti.o
                0x0800653c                _fini
 .fini          0x08006540        0x8 /opt/st/stm32cubeide_1.18.1/plugins/com.st.stm32cube.ide.mcu.externaltools.gnu-tools-for-stm32.13.3.rel1.linux64_1.0.0.202410170706/tools/bin/../lib/gcc/arm-none-eabi/13.3.1/thumb/v7e-m+fp/hard/crtn.o
                0x08006548                        . = ALIGN (0x4)
                0x08006548                        _etext = .

.vfp11_veneer   0x08006548        0x0
 .vfp11_veneer  0x08006548        0x0 linker stubs

.v4_bx          0x08006548        0x0
 .v4_bx         0x08006548        0x0 linker stubs

.iplt           0x08006548        0x0
 .iplt          0x08006548        0x0 /opt/st/stm32cubeide_1.18.1/plugins/com.st.stm32cube.ide.mcu.externaltools.gnu-tools-for-stm32.13.3.rel1.linux64_1.0.0.202410170706/tools/bin/../lib/gcc/arm-none-eabi/13.3.1/thumb/v7e-m+fp/hard/crtbegin.o

.rodata         0x08006548      0x190
                0x08006548                        . = ALIGN (0x4)
 *(.rodata)
 .rodata        0x08006548       0x53 ./Core/Src/main.o
 *fill*         0x0800659b        0x1 
 .rodata        0x0800659c        0x5 ./ThirdParty/FreeRTOS/tasks.o
 *fill*         0x080065a1        0x3 
 .rodata        0x080065a4       0x45 ./ThirdParty/SEGGER/Config/SEGGER_SYSVIEW_Config_FreeRTOS.o
 *fill*         0x080065e9        0x3 
 .rodata        0x080065ec       0x58 ./ThirdParty/SEGGER/OS/SEGGER_SYSVIEW_FreeRTOS.o
 .rodata        0x08006644        0x9 ./ThirdParty/SEGGER/SEGGER/SEGGER_RTT.o
 *fill*         0x0800664d        0x3 
 .rodata        0x08006650       0x10 ./ThirdParty/SEGGER/SEGGER/SEGGER_SYSVIEW.o
 *(.rodata*)
 .rodata.AHBPrescTable
                0x08006660       0x10 ./Core/Src/system_stm32f4xx.o
                0x08006660                AHBPrescTable
 .rodata.APBPrescTable
                0x08006670        0x8 ./Core/Src/system_stm32f4xx.o
                0x08006670                APBPrescTable
 .rodata.uxTopUsedPriority
                0x08006678        0x4 ./ThirdParty/FreeRTOS/tasks.o
 .rodata.SYSVIEW_X_OS_TraceAPI
                0x0800667c        0x8 ./ThirdParty/SEGGER/OS/SEGGER_SYSVIEW_FreeRTOS.o
                0x0800667c                SYSVIEW_X_OS_TraceAPI
 .rodata._aInitStr.0
                0x08006684       0x11 ./ThirdParty/SEGGER/SEGGER/SEGGER_RTT.o
 *fill*         0x08006695        0x3 
 .rodata._abSync
                0x08006698        0xa ./ThirdParty/SEGGER/SEGGER/SEGGER_SYSVIEW.o
 .rodata._vfprintf_r.str1.1
                0x080066a2       0x33 /opt/st/stm32cubeide_1.18.1/plugins/com.st.stm32cube.ide.mcu.externaltools.gnu-tools-for-stm32.13.3.rel1.linux64_1.0.0.202410170706/tools/bin/../lib/gcc/arm-none-eabi/13.3.1/../../../../arm-none-eabi/lib/thumb/v7e-m+fp/hard/libc_nano.a(libc_a-nano-vfprintf.o)
                                 0x11 (size before relaxing)
 .rodata._printf_i.str1.1
                0x080066d5       0x22 /opt/st/stm32cubeide_1.18.1/plugins/com.st.stm32cube.ide.mcu.externaltools.gnu-tools-for-stm32.13.3.rel1.linux64_1.0.0.202410170706/tools/bin/../lib/gcc/arm-none-eabi/13.3.1/../../../../arm-none-eabi/lib/thumb/v7e-m+fp/hard/libc_nano.a(libc_a-nano-vfprintf_i.o)
                0x080066f8                        . = ALIGN (0x4)
 *fill*         0x080066d5        0x3 

.ARM.extab      0x080066d8        0x0
                0x080066d8                        . = ALIGN (0x4)
 *(.ARM.extab* .gnu.linkonce.armextab.*)
                0x080066d8                        . = ALIGN (0x4)

.ARM            0x080066d8        0x8
                0x080066d8                        . = ALIGN (0x4)
                0x080066d8                        __exidx_start = .
 *(.ARM.exidx*)
 .ARM.exidx     0x080066d8        0x8 /opt/st/stm32cubeide_1.18.1/plugins/com.st.stm32cube.ide.mcu.externaltools.gnu-tools-for-stm32.13.3.rel1.linux64_1.0.0.202410170706/tools/bin/../lib/gcc/arm-none-eabi/13.3.1/../../../../arm-none-eabi/lib/thumb/v7e-m+fp/hard/libc_nano.a(libc_a-memchr.o)
 .ARM.exidx     0x080066e0        0x0 /opt/st/stm32cubeide_1.18.1/plugins/com.st.stm32cube.ide.mcu.externaltools.gnu-tools-for-stm32.13.3.rel1.linux64_1.0.0.202410170706/tools/bin/../lib/gcc/arm-none-eabi/13.3.1/thumb/v7e-m+fp/hard/libgcc.a(_udivmoddi4.o)
                                  0x8 (size before relaxing)
                0x080066e0                        __exidx_end = .
                0x080066e0                        . = ALIGN (0x4)

.preinit_array  0x080066e0        0x0
                0x080066e0                        . = ALIGN (0x4)
                0x080066e0                        PROVIDE (__preinit_array_start = .)
 *(.preinit_array*)
                0x080066e0                        PROVIDE (__preinit_array_end = .)
                0x080066e0                        . = ALIGN (0x4)

.init_array     0x080066e0        0x4
                0x080066e0                        . = ALIGN (0x4)
                0x080066e0                        PROVIDE (__init_array_start = .)
 *(SORT_BY_NAME(.init_array.*))
 *(.init_array*)
 .init_array    0x080066e0        0x4 /opt/st/stm32cubeide_1.18.1/plugins/com.st.stm32cube.ide.mcu.externaltools.gnu-tools-for-stm32.13.3.rel1.linux64_1.0.0.202410170706/tools/bin/../lib/gcc/arm-none-eabi/13.3.1/thumb/v7e-m+fp/hard/crtbegin.o
                0x080066e4                        PROVIDE (__init_array_end = .)
                0x080066e4                        . = ALIGN (0x4)

.fini_array     0x080066e4        0x4
                0x080066e4                        . = ALIGN (0x4)
                [!provide]                        PROVIDE (__fini_array_start = .)
 *(SORT_BY_NAME(.fini_array.*))
 *(.fini_array*)
 .fini_array    0x080066e4        0x4 /opt/st/stm32cubeide_1.18.1/plugins/com.st.stm32cube.ide.mcu.externaltools.gnu-tools-for-stm32.13.3.rel1.linux64_1.0.0.202410170706/tools/bin/../lib/gcc/arm-none-eabi/13.3.1/thumb/v7e-m+fp/hard/crtbegin.o
                [!provide]                        PROVIDE (__fini_array_end = .)
                0x080066e8                        . = ALIGN (0x4)
                0x080066e8                        _sidata = LOADADDR (.data)

.rel.dyn        0x080066e8        0x0
 .rel.iplt      0x080066e8        0x0 /opt/st/stm32cubeide_1.18.1/plugins/com.st.stm32cube.ide.mcu.externaltools.gnu-tools-for-stm32.13.3.rel1.linux64_1.0.0.202410170706/tools/bin/../lib/gcc/arm-none-eabi/13.3.1/thumb/v7e-m+fp/hard/crtbegin.o

.data           0x20000000       0x6c load address 0x080066e8
                0x20000000                        . = ALIGN (0x4)
                0x20000000                        _sdata = .
 *(.data)
 *(.data*)
 .data.SystemCoreClock
                0x20000000        0x4 ./Core/Src/system_stm32f4xx.o
                0x20000000                SystemCoreClock
 .data.uwTickPrio
                0x20000004        0x4 ./Drivers/STM32F4xx_HAL_Driver/Src/stm32f4xx_hal.o
                0x20000004                uwTickPrio
 .data.uwTickFreq
                0x20000008        0x1 ./Drivers/STM32F4xx_HAL_Driver/Src/stm32f4xx_hal.o
                0x20000008                uwTickFreq
 *fill*         0x20000009        0x3 
 .data.uxCriticalNesting
                0x2000000c        0x4 ./ThirdParty/FreeRTOS/portable/GCC/ARM_CM4F/port.o
 .data.__sglue  0x20000010        0xc /opt/st/stm32cubeide_1.18.1/plugins/com.st.stm32cube.ide.mcu.externaltools.gnu-tools-for-stm32.13.3.rel1.linux64_1.0.0.202410170706/tools/bin/../lib/gcc/arm-none-eabi/13.3.1/../../../../arm-none-eabi/lib/thumb/v7e-m+fp/hard/libc_nano.a(libc_a-findfp.o)
                0x20000010                __sglue
 .data._impure_ptr
                0x2000001c        0x4 /opt/st/stm32cubeide_1.18.1/plugins/com.st.stm32cube.ide.mcu.externaltools.gnu-tools-for-stm32.13.3.rel1.linux64_1.0.0.202410170706/tools/bin/../lib/gcc/arm-none-eabi/13.3.1/../../../../arm-none-eabi/lib/thumb/v7e-m+fp/hard/libc_nano.a(libc_a-impure.o)
                0x2000001c                _impure_ptr
 .data._impure_data
                0x20000020       0x4c /opt/st/stm32cubeide_1.18.1/plugins/com.st.stm32cube.ide.mcu.externaltools.gnu-tools-for-stm32.13.3.rel1.linux64_1.0.0.202410170706/tools/bin/../lib/gcc/arm-none-eabi/13.3.1/../../../../arm-none-eabi/lib/thumb/v7e-m+fp/hard/libc_nano.a(libc_a-impure.o)
                0x20000020                _impure_data
 *(.RamFunc)
 *(.RamFunc*)
                0x2000006c                        . = ALIGN (0x4)
                0x2000006c                        _edata = .

.igot.plt       0x2000006c        0x0 load address 0x08006754
 .igot.plt      0x2000006c        0x0 /opt/st/stm32cubeide_1.18.1/plugins/com.st.stm32cube.ide.mcu.externaltools.gnu-tools-for-stm32.13.3.rel1.linux64_1.0.0.202410170706/tools/bin/../lib/gcc/arm-none-eabi/13.3.1/thumb/v7e-m+fp/hard/crtbegin.o
                0x2000006c                        . = ALIGN (0x4)

.bss            0x2000006c    0x14558 load address 0x08006754
                0x2000006c                        _sbss = .
                0x2000006c                        __bss_start__ = _sbss
 *(.bss)
 .bss           0x2000006c       0x1c /opt/st/stm32cubeide_1.18.1/plugins/com.st.stm32cube.ide.mcu.externaltools.gnu-tools-for-stm32.13.3.rel1.linux64_1.0.0.202410170706/tools/bin/../lib/gcc/arm-none-eabi/13.3.1/thumb/v7e-m+fp/hard/crtbegin.o
 *(.bss*)
 .bss.huart2    0x20000088       0x48 ./Core/Src/main.o
                0x20000088                huart2
 .bss.__sbrk_heap_end
                0x200000d0        0x4 ./Core/Src/sysmem.o
 .bss.uwTick    0x200000d4        0x4 ./Drivers/STM32F4xx_HAL_Driver/Src/stm32f4xx_hal.o
                0x200000d4                uwTick
 .bss.pxCurrentTCB
                0x200000d8        0x4 ./ThirdParty/FreeRTOS/tasks.o
                0x200000d8                pxCurrentTCB
 .bss.pxReadyTasksLists
                0x200000dc       0x64 ./ThirdParty/FreeRTOS/tasks.o
 .bss.xDelayedTaskList1
                0x20000140       0x14 ./ThirdParty/FreeRTOS/tasks.o
 .bss.xDelayedTaskList2
                0x20000154       0x14 ./ThirdParty/FreeRTOS/tasks.o
 .bss.pxDelayedTaskList
                0x20000168        0x4 ./ThirdParty/FreeRTOS/tasks.o
 .bss.pxOverflowDelayedTaskList
                0x2000016c        0x4 ./ThirdParty/FreeRTOS/tasks.o
 .bss.xPendingReadyList
                0x20000170       0x14 ./ThirdParty/FreeRTOS/tasks.o
 .bss.xTasksWaitingTermination
                0x20000184       0x14 ./ThirdParty/FreeRTOS/tasks.o
 .bss.uxDeletedTasksWaitingCleanUp
                0x20000198        0x4 ./ThirdParty/FreeRTOS/tasks.o
 .bss.xSuspendedTaskList
                0x2000019c       0x14 ./ThirdParty/FreeRTOS/tasks.o
 .bss.uxCurrentNumberOfTasks
                0x200001b0        0x4 ./ThirdParty/FreeRTOS/tasks.o
 .bss.xTickCount
                0x200001b4        0x4 ./ThirdParty/FreeRTOS/tasks.o
 .bss.uxTopReadyPriority
                0x200001b8        0x4 ./ThirdParty/FreeRTOS/tasks.o
 .bss.xSchedulerRunning
                0x200001bc        0x4 ./ThirdParty/FreeRTOS/tasks.o
 .bss.xPendedTicks
                0x200001c0        0x4 ./ThirdParty/FreeRTOS/tasks.o
 .bss.xYieldPendings
                0x200001c4        0x4 ./ThirdParty/FreeRTOS/tasks.o
 .bss.xNumOfOverflows
                0x200001c8        0x4 ./ThirdParty/FreeRTOS/tasks.o
 .bss.uxTaskNumber
                0x200001cc        0x4 ./ThirdParty/FreeRTOS/tasks.o
 .bss.xNextTaskUnblockTime
                0x200001d0        0x4 ./ThirdParty/FreeRTOS/tasks.o
 .bss.xIdleTaskHandles
                0x200001d4        0x4 ./ThirdParty/FreeRTOS/tasks.o
 .bss.uxSchedulerSuspended
                0x200001d8        0x4 ./ThirdParty/FreeRTOS/tasks.o
 .bss.ucMaxSysCallPriority
                0x200001dc        0x1 ./ThirdParty/FreeRTOS/portable/GCC/ARM_CM4F/port.o
 *fill*         0x200001dd        0x3 
 .bss.ulMaxPRIGROUPValue
                0x200001e0        0x4 ./ThirdParty/FreeRTOS/portable/GCC/ARM_CM4F/port.o
 .bss.ucHeap    0x200001e4    0x12c00 ./ThirdParty/FreeRTOS/portable/MemMang/heap_4.o
 .bss.xStart    0x20012de4        0x8 ./ThirdParty/FreeRTOS/portable/MemMang/heap_4.o
 .bss.pxEnd     0x20012dec        0x4 ./ThirdParty/FreeRTOS/portable/MemMang/heap_4.o
 .bss.xFreeBytesRemaining
                0x20012df0        0x4 ./ThirdParty/FreeRTOS/portable/MemMang/heap_4.o
 .bss.xMinimumEverFreeBytesRemaining
                0x20012df4        0x4 ./ThirdParty/FreeRTOS/portable/MemMang/heap_4.o
 .bss.xNumberOfSuccessfulAllocations
                0x20012df8        0x4 ./ThirdParty/FreeRTOS/portable/MemMang/heap_4.o
 .bss.xNumberOfSuccessfulFrees
                0x20012dfc        0x4 ./ThirdParty/FreeRTOS/portable/MemMang/heap_4.o
 .bss._aTasks   0x20012e00       0xa0 ./ThirdParty/SEGGER/OS/SEGGER_SYSVIEW_FreeRTOS.o
 .bss._NumTasks
                0x20012ea0        0x4 ./ThirdParty/SEGGER/OS/SEGGER_SYSVIEW_FreeRTOS.o
 .bss._SEGGER_RTT
                0x20012ea4       0xa8 ./ThirdParty/SEGGER/SEGGER/SEGGER_RTT.o
                0x20012ea4                _SEGGER_RTT
 .bss._acUpBuffer
                0x20012f4c      0x400 ./ThirdParty/SEGGER/SEGGER/SEGGER_RTT.o
 .bss._acDownBuffer
                0x2001334c       0x10 ./ThirdParty/SEGGER/SEGGER/SEGGER_RTT.o
 .bss._UpBuffer
                0x2001335c     0x1000 ./ThirdParty/SEGGER/SEGGER/SEGGER_SYSVIEW.o
 .bss._DownBuffer
                0x2001435c        0x8 ./ThirdParty/SEGGER/SEGGER/SEGGER_SYSVIEW.o
 .bss._SYSVIEW_Globals
                0x20014364       0x28 ./ThirdParty/SEGGER/SEGGER/SEGGER_SYSVIEW.o
 .bss._pFirstModule
                0x2001438c        0x4 ./ThirdParty/SEGGER/SEGGER/SEGGER_SYSVIEW.o
 .bss._NumModules
                0x20014390        0x1 ./ThirdParty/SEGGER/SEGGER/SEGGER_SYSVIEW.o
 *fill*         0x20014391        0x3 
 .bss._aPacket  0x20014394       0xe3 ./ThirdParty/SEGGER/SEGGER/SEGGER_SYSVIEW.o
 *fill*         0x20014477        0x1 
 .bss.__sf      0x20014478      0x138 /opt/st/stm32cubeide_1.18.1/plugins/com.st.stm32cube.ide.mcu.externaltools.gnu-tools-for-stm32.13.3.rel1.linux64_1.0.0.202410170706/tools/bin/../lib/gcc/arm-none-eabi/13.3.1/../../../../arm-none-eabi/lib/thumb/v7e-m+fp/hard/libc_nano.a(libc_a-findfp.o)
                0x20014478                __sf
 .bss.__stdio_exit_handler
                0x200145b0        0x4 /opt/st/stm32cubeide_1.18.1/plugins/com.st.stm32cube.ide.mcu.externaltools.gnu-tools-for-stm32.13.3.rel1.linux64_1.0.0.202410170706/tools/bin/../lib/gcc/arm-none-eabi/13.3.1/../../../../arm-none-eabi/lib/thumb/v7e-m+fp/hard/libc_nano.a(libc_a-findfp.o)
                0x200145b0                __stdio_exit_handler
 .bss.errno     0x200145b4        0x4 /opt/st/stm32cubeide_1.18.1/plugins/com.st.stm32cube.ide.mcu.externaltools.gnu-tools-for-stm32.13.3.rel1.linux64_1.0.0.202410170706/tools/bin/../lib/gcc/arm-none-eabi/13.3.1/../../../../arm-none-eabi/lib/thumb/v7e-m+fp/hard/libc_nano.a(libc_a-reent.o)
                0x200145b4                errno
 .bss.__lock___malloc_recursive_mutex
                0x200145b8        0x1 /opt/st/stm32cubeide_1.18.1/plugins/com.st.stm32cube.ide.mcu.externaltools.gnu-tools-for-stm32.13.3.rel1.linux64_1.0.0.202410170706/tools/bin/../lib/gcc/arm-none-eabi/13.3.1/../../../../arm-none-eabi/lib/thumb/v7e-m+fp/hard/libc_nano.a(libc_a-lock.o)
                0x200145b8                __lock___malloc_recursive_mutex
 .bss.__lock___sfp_recursive_mutex
                0x200145b9        0x1 /opt/st/stm32cubeide_1.18.1/plugins/com.st.stm32cube.ide.mcu.externaltools.gnu-tools-for-stm32.13.3.rel1.linux64_1.0.0.202410170706/tools/bin/../lib/gcc/arm-none-eabi/13.3.1/../../../../arm-none-eabi/lib/thumb/v7e-m+fp/hard/libc_nano.a(libc_a-lock.o)
                0x200145b9                __lock___sfp_recursive_mutex
 *fill*         0x200145ba        0x2 
 .bss.__malloc_sbrk_start
                0x200145bc        0x4 /opt/st/stm32cubeide_1.18.1/plugins/com.st.stm32cube.ide.mcu.externaltools.gnu-tools-for-stm32.13.3.rel1.linux64_1.0.0.202410170706/tools/bin/../lib/gcc/arm-none-eabi/13.3.1/../../../../arm-none-eabi/lib/thumb/v7e-m+fp/hard/libc_nano.a(libc_a-mallocr.o)
                0x200145bc                __malloc_sbrk_start
 .bss.__malloc_free_list
                0x200145c0        0x4 /opt/st/stm32cubeide_1.18.1/plugins/com.st.stm32cube.ide.mcu.externaltools.gnu-tools-for-stm32.13.3.rel1.linux64_1.0.0.202410170706/tools/bin/../lib/gcc/arm-none-eabi/13.3.1/../../../../arm-none-eabi/lib/thumb/v7e-m+fp/hard/libc_nano.a(libc_a-mallocr.o)
                0x200145c0                __malloc_free_list
 *(COMMON)
                0x200145c4                        . = ALIGN (0x4)
                0x200145c4                        _ebss = .
                0x200145c4                        __bss_end__ = _ebss

._user_heap_stack
                0x200145c4      0x604 load address 0x08006754
                0x200145c8                        . = ALIGN (0x8)
 *fill*         0x200145c4        0x4 
                [!provide]                        PROVIDE (end = .)
                0x200145c8                        PROVIDE (_end = .)
                0x200147c8                        . = (. + _Min_Heap_Size)
 *fill*         0x200145c8      0x200 
                0x20014bc8                        . = (. + _Min_Stack_Size)
 *fill*         0x200147c8      0x400 
                0x20014bc8                        . = ALIGN (0x8)

/DISCARD/
 libc.a(*)
 libm.a(*)
 libgcc.a(*)

.ARM.attributes
                0x00000000       0x30
 *(.ARM.attributes)
 .ARM.attributes
                0x00000000       0x22 /opt/st/stm32cubeide_1.18.1/plugins/com.st.stm32cube.ide.mcu.externaltools.gnu-tools-for-stm32.13.3.rel1.linux64_1.0.0.202410170706/tools/bin/../lib/gcc/arm-none-eabi/13.3.1/thumb/v7e-m+fp/hard/crti.o
 .ARM.attributes
                0x00000022       0x34 /opt/st/stm32cubeide_1.18.1/plugins/com.st.stm32cube.ide.mcu.externaltools.gnu-tools-for-stm32.13.3.rel1.linux64_1.0.0.202410170706/tools/bin/../lib/gcc/arm-none-eabi/13.3.1/thumb/v7e-m+fp/hard/crtbegin.o
 .ARM.attributes
                0x00000056       0x34 ./Core/Src/main.o
 .ARM.attributes
                0x0000008a       0x34 ./Core/Src/stm32f4xx_hal_msp.o
 .ARM.attributes
                0x000000be       0x34 ./Core/Src/stm32f4xx_it.o
 .ARM.attributes
                0x000000f2       0x34 ./Core/Src/syscalls.o
 .ARM.attributes
                0x00000126       0x34 ./Core/Src/sysmem.o
 .ARM.attributes
                0x0000015a       0x34 ./Core/Src/system_stm32f4xx.o
 .ARM.attributes
                0x0000018e       0x21 ./Core/Startup/startup_stm32f446retx.o
 .ARM.attributes
                0x000001af       0x34 ./Drivers/STM32F4xx_HAL_Driver/Src/stm32f4xx_hal.o
 .ARM.attributes
                0x000001e3       0x34 ./Drivers/STM32F4xx_HAL_Driver/Src/stm32f4xx_hal_cortex.o
 .ARM.attributes
                0x00000217       0x34 ./Drivers/STM32F4xx_HAL_Driver/Src/stm32f4xx_hal_gpio.o
 .ARM.attributes
                0x0000024b       0x34 ./Drivers/STM32F4xx_HAL_Driver/Src/stm32f4xx_hal_rcc.o
 .ARM.attributes
                0x0000027f       0x34 ./Drivers/STM32F4xx_HAL_Driver/Src/stm32f4xx_hal_rcc_ex.o
 .ARM.attributes
                0x000002b3       0x34 ./Drivers/STM32F4xx_HAL_Driver/Src/stm32f4xx_hal_uart.o
 .ARM.attributes
                0x000002e7       0x34 ./ThirdParty/FreeRTOS/list.o
 .ARM.attributes
                0x0000031b       0x34 ./ThirdParty/FreeRTOS/tasks.o
 .ARM.attributes
                0x0000034f       0x34 ./ThirdParty/FreeRTOS/portable/GCC/ARM_CM4F/port.o
 .ARM.attributes
                0x00000383       0x34 ./ThirdParty/FreeRTOS/portable/MemMang/heap_4.o
 .ARM.attributes
                0x000003b7       0x34 ./ThirdParty/SEGGER/Config/SEGGER_SYSVIEW_Config_FreeRTOS.o
 .ARM.attributes
                0x000003eb       0x34 ./ThirdParty/SEGGER/OS/SEGGER_SYSVIEW_FreeRTOS.o
 .ARM.attributes
                0x0000041f       0x34 ./ThirdParty/SEGGER/SEGGER/SEGGER_RTT.o
 .ARM.attributes
                0x00000453       0x20 ./ThirdParty/SEGGER/SEGGER/SEGGER_RTT_ASM_ARMv7M.o
 .ARM.attributes
                0x00000473       0x34 ./ThirdParty/SEGGER/SEGGER/SEGGER_SYSVIEW.o
 .ARM.attributes
                0x000004a7       0x34 ./ThirdParty/SEGGER/SEGGER/Syscalls/SEGGER_RTT_Syscalls_GCC.o
 .ARM.attributes
                0x000004db       0x34 /opt/st/stm32cubeide_1.18.1/plugins/com.st.stm32cube.ide.mcu.externaltools.gnu-tools-for-stm32.13.3.rel1.linux64_1.0.0.202410170706/tools/bin/../lib/gcc/arm-none-eabi/13.3.1/../../../../arm-none-eabi/lib/thumb/v7e-m+fp/hard/libc_nano.a(libc_a-findfp.o)
 .ARM.attributes
                0x0000050f       0x34 /opt/st/stm32cubeide_1.18.1/plugins/com.st.stm32cube.ide.mcu.externaltools.gnu-tools-for-stm32.13.3.rel1.linux64_1.0.0.202410170706/tools/bin/../lib/gcc/arm-none-eabi/13.3.1/../../../../arm-none-eabi/lib/thumb/v7e-m+fp/hard/libc_nano.a(libc_a-fwalk.o)
 .ARM.attributes
                0x00000543       0x34 /opt/st/stm32cubeide_1.18.1/plugins/com.st.stm32cube.ide.mcu.externaltools.gnu-tools-for-stm32.13.3.rel1.linux64_1.0.0.202410170706/tools/bin/../lib/gcc/arm-none-eabi/13.3.1/../../../../arm-none-eabi/lib/thumb/v7e-m+fp/hard/libc_nano.a(libc_a-printf.o)
 .ARM.attributes
                0x00000577       0x34 /opt/st/stm32cubeide_1.18.1/plugins/com.st.stm32cube.ide.mcu.externaltools.gnu-tools-for-stm32.13.3.rel1.linux64_1.0.0.202410170706/tools/bin/../lib/gcc/arm-none-eabi/13.3.1/../../../../arm-none-eabi/lib/thumb/v7e-m+fp/hard/libc_nano.a(libc_a-puts.o)
 .ARM.attributes
                0x000005ab       0x34 /opt/st/stm32cubeide_1.18.1/plugins/com.st.stm32cube.ide.mcu.externaltools.gnu-tools-for-stm32.13.3.rel1.linux64_1.0.0.202410170706/tools/bin/../lib/gcc/arm-none-eabi/13.3.1/../../../../arm-none-eabi/lib/thumb/v7e-m+fp/hard/libc_nano.a(libc_a-stdio.o)
 .ARM.attributes
                0x000005df       0x34 /opt/st/stm32cubeide_1.18.1/plugins/com.st.stm32cube.ide.mcu.externaltools.gnu-tools-for-stm32.13.3.rel1.linux64_1.0.0.202410170706/tools/bin/../lib/gcc/arm-none-eabi/13.3.1/../../../../arm-none-eabi/lib/thumb/v7e-m+fp/hard/libc_nano.a(libc_a-wbuf.o)
 .ARM.attributes
                0x00000613       0x34 /opt/st/stm32cubeide_1.18.1/plugins/com.st.stm32cube.ide.mcu.externaltools.gnu-tools-for-stm32.13.3.rel1.linux64_1.0.0.202410170706/tools/bin/../lib/gcc/arm-none-eabi/13.3.1/../../../../arm-none-eabi/lib/thumb/v7e-m+fp/hard/libc_nano.a(libc_a-wsetup.o)
 .ARM.attributes
                0x00000647       0x34 /opt/st/stm32cubeide_1.18.1/plugins/com.st.stm32cube.ide.mcu.externaltools.gnu-tools-for-stm32.13.3.rel1.linux64_1.0.0.202410170706/tools/bin/../lib/gcc/arm-none-eabi/13.3.1/../../../../arm-none-eabi/lib/thumb/v7e-m+fp/hard/libc_nano.a(libc_a-memcmp.o)
 .ARM.attributes
                0x0000067b       0x34 /opt/st/stm32cubeide_1.18.1/plugins/com.st.stm32cube.ide.mcu.externaltools.gnu-tools-for-stm32.13.3.rel1.linux64_1.0.0.202410170706/tools/bin/../lib/gcc/arm-none-eabi/13.3.1/../../../../arm-none-eabi/lib/thumb/v7e-m+fp/hard/libc_nano.a(libc_a-memset.o)
 .ARM.attributes
                0x000006af       0x34 /opt/st/stm32cubeide_1.18.1/plugins/com.st.stm32cube.ide.mcu.externaltools.gnu-tools-for-stm32.13.3.rel1.linux64_1.0.0.202410170706/tools/bin/../lib/gcc/arm-none-eabi/13.3.1/../../../../arm-none-eabi/lib/thumb/v7e-m+fp/hard/libc_nano.a(libc_a-closer.o)
 .ARM.attributes
                0x000006e3       0x34 /opt/st/stm32cubeide_1.18.1/plugins/com.st.stm32cube.ide.mcu.externaltools.gnu-tools-for-stm32.13.3.rel1.linux64_1.0.0.202410170706/tools/bin/../lib/gcc/arm-none-eabi/13.3.1/../../../../arm-none-eabi/lib/thumb/v7e-m+fp/hard/libc_nano.a(libc_a-reent.o)
 .ARM.attributes
                0x00000717       0x34 /opt/st/stm32cubeide_1.18.1/plugins/com.st.stm32cube.ide.mcu.externaltools.gnu-tools-for-stm32.13.3.rel1.linux64_1.0.0.202410170706/tools/bin/../lib/gcc/arm-none-eabi/13.3.1/../../../../arm-none-eabi/lib/thumb/v7e-m+fp/hard/libc_nano.a(libc_a-impure.o)
 .ARM.attributes
                0x0000074b       0x34 /opt/st/stm32cubeide_1.18.1/plugins/com.st.stm32cube.ide.mcu.externaltools.gnu-tools-for-stm32.13.3.rel1.linux64_1.0.0.202410170706/tools/bin/../lib/gcc/arm-none-eabi/13.3.1/../../../../arm-none-eabi/lib/thumb/v7e-m+fp/hard/libc_nano.a(libc_a-lseekr.o)
 .ARM.attributes
                0x0000077f       0x34 /opt/st/stm32cubeide_1.18.1/plugins/com.st.stm32cube.ide.mcu.externaltools.gnu-tools-for-stm32.13.3.rel1.linux64_1.0.0.202410170706/tools/bin/../lib/gcc/arm-none-eabi/13.3.1/../../../../arm-none-eabi/lib/thumb/v7e-m+fp/hard/libc_nano.a(libc_a-readr.o)
 .ARM.attributes
                0x000007b3       0x34 /opt/st/stm32cubeide_1.18.1/plugins/com.st.stm32cube.ide.mcu.externaltools.gnu-tools-for-stm32.13.3.rel1.linux64_1.0.0.202410170706/tools/bin/../lib/gcc/arm-none-eabi/13.3.1/../../../../arm-none-eabi/lib/thumb/v7e-m+fp/hard/libc_nano.a(libc_a-errno.o)
 .ARM.attributes
                0x000007e7       0x34 /opt/st/stm32cubeide_1.18.1/plugins/com.st.stm32cube.ide.mcu.externaltools.gnu-tools-for-stm32.13.3.rel1.linux64_1.0.0.202410170706/tools/bin/../lib/gcc/arm-none-eabi/13.3.1/../../../../arm-none-eabi/lib/thumb/v7e-m+fp/hard/libc_nano.a(libc_a-init.o)
 .ARM.attributes
                0x0000081b       0x34 /opt/st/stm32cubeide_1.18.1/plugins/com.st.stm32cube.ide.mcu.externaltools.gnu-tools-for-stm32.13.3.rel1.linux64_1.0.0.202410170706/tools/bin/../lib/gcc/arm-none-eabi/13.3.1/../../../../arm-none-eabi/lib/thumb/v7e-m+fp/hard/libc_nano.a(libc_a-lock.o)
 .ARM.attributes
                0x0000084f       0x34 /opt/st/stm32cubeide_1.18.1/plugins/com.st.stm32cube.ide.mcu.externaltools.gnu-tools-for-stm32.13.3.rel1.linux64_1.0.0.202410170706/tools/bin/../lib/gcc/arm-none-eabi/13.3.1/../../../../arm-none-eabi/lib/thumb/v7e-m+fp/hard/libc_nano.a(libc_a-memcpy-stub.o)
 .ARM.attributes
                0x00000883       0x34 /opt/st/stm32cubeide_1.18.1/plugins/com.st.stm32cube.ide.mcu.externaltools.gnu-tools-for-stm32.13.3.rel1.linux64_1.0.0.202410170706/tools/bin/../lib/gcc/arm-none-eabi/13.3.1/../../../../arm-none-eabi/lib/thumb/v7e-m+fp/hard/libc_nano.a(libc_a-freer.o)
 .ARM.attributes
                0x000008b7       0x34 /opt/st/stm32cubeide_1.18.1/plugins/com.st.stm32cube.ide.mcu.externaltools.gnu-tools-for-stm32.13.3.rel1.linux64_1.0.0.202410170706/tools/bin/../lib/gcc/arm-none-eabi/13.3.1/../../../../arm-none-eabi/lib/thumb/v7e-m+fp/hard/libc_nano.a(libc_a-mallocr.o)
 .ARM.attributes
                0x000008eb       0x34 /opt/st/stm32cubeide_1.18.1/plugins/com.st.stm32cube.ide.mcu.externaltools.gnu-tools-for-stm32.13.3.rel1.linux64_1.0.0.202410170706/tools/bin/../lib/gcc/arm-none-eabi/13.3.1/../../../../arm-none-eabi/lib/thumb/v7e-m+fp/hard/libc_nano.a(libc_a-mlock.o)
 .ARM.attributes
                0x0000091f       0x34 /opt/st/stm32cubeide_1.18.1/plugins/com.st.stm32cube.ide.mcu.externaltools.gnu-tools-for-stm32.13.3.rel1.linux64_1.0.0.202410170706/tools/bin/../lib/gcc/arm-none-eabi/13.3.1/../../../../arm-none-eabi/lib/thumb/v7e-m+fp/hard/libc_nano.a(libc_a-nano-vfprintf.o)
 .ARM.attributes
                0x00000953       0x34 /opt/st/stm32cubeide_1.18.1/plugins/com.st.stm32cube.ide.mcu.externaltools.gnu-tools-for-stm32.13.3.rel1.linux64_1.0.0.202410170706/tools/bin/../lib/gcc/arm-none-eabi/13.3.1/../../../../arm-none-eabi/lib/thumb/v7e-m+fp/hard/libc_nano.a(libc_a-nano-vfprintf_i.o)
 .ARM.attributes
                0x00000987       0x34 /opt/st/stm32cubeide_1.18.1/plugins/com.st.stm32cube.ide.mcu.externaltools.gnu-tools-for-stm32.13.3.rel1.linux64_1.0.0.202410170706/tools/bin/../lib/gcc/arm-none-eabi/13.3.1/../../../../arm-none-eabi/lib/thumb/v7e-m+fp/hard/libc_nano.a(libc_a-fflush.o)
 .ARM.attributes
                0x000009bb       0x34 /opt/st/stm32cubeide_1.18.1/plugins/com.st.stm32cube.ide.mcu.externaltools.gnu-tools-for-stm32.13.3.rel1.linux64_1.0.0.202410170706/tools/bin/../lib/gcc/arm-none-eabi/13.3.1/../../../../arm-none-eabi/lib/thumb/v7e-m+fp/hard/libc_nano.a(libc_a-makebuf.o)
 .ARM.attributes
                0x000009ef       0x34 /opt/st/stm32cubeide_1.18.1/plugins/com.st.stm32cube.ide.mcu.externaltools.gnu-tools-for-stm32.13.3.rel1.linux64_1.0.0.202410170706/tools/bin/../lib/gcc/arm-none-eabi/13.3.1/../../../../arm-none-eabi/lib/thumb/v7e-m+fp/hard/libc_nano.a(libc_a-fstatr.o)
 .ARM.attributes
                0x00000a23       0x34 /opt/st/stm32cubeide_1.18.1/plugins/com.st.stm32cube.ide.mcu.externaltools.gnu-tools-for-stm32.13.3.rel1.linux64_1.0.0.202410170706/tools/bin/../lib/gcc/arm-none-eabi/13.3.1/../../../../arm-none-eabi/lib/thumb/v7e-m+fp/hard/libc_nano.a(libc_a-isattyr.o)
 .ARM.attributes
                0x00000a57       0x34 /opt/st/stm32cubeide_1.18.1/plugins/com.st.stm32cube.ide.mcu.externaltools.gnu-tools-for-stm32.13.3.rel1.linux64_1.0.0.202410170706/tools/bin/../lib/gcc/arm-none-eabi/13.3.1/../../../../arm-none-eabi/lib/thumb/v7e-m+fp/hard/libc_nano.a(libc_a-sbrkr.o)
 .ARM.attributes
                0x00000a8b       0x1c /opt/st/stm32cubeide_1.18.1/plugins/com.st.stm32cube.ide.mcu.externaltools.gnu-tools-for-stm32.13.3.rel1.linux64_1.0.0.202410170706/tools/bin/../lib/gcc/arm-none-eabi/13.3.1/../../../../arm-none-eabi/lib/thumb/v7e-m+fp/hard/libc_nano.a(libc_a-memchr.o)
 .ARM.attributes
                0x00000aa7       0x22 /opt/st/stm32cubeide_1.18.1/plugins/com.st.stm32cube.ide.mcu.externaltools.gnu-tools-for-stm32.13.3.rel1.linux64_1.0.0.202410170706/tools/bin/../lib/gcc/arm-none-eabi/13.3.1/thumb/v7e-m+fp/hard/libgcc.a(_aeabi_uldivmod.o)
 .ARM.attributes
                0x00000ac9       0x34 /opt/st/stm32cubeide_1.18.1/plugins/com.st.stm32cube.ide.mcu.externaltools.gnu-tools-for-stm32.13.3.rel1.linux64_1.0.0.202410170706/tools/bin/../lib/gcc/arm-none-eabi/13.3.1/thumb/v7e-m+fp/hard/libgcc.a(_udivmoddi4.o)
 .ARM.attributes
                0x00000afd       0x22 /opt/st/stm32cubeide_1.18.1/plugins/com.st.stm32cube.ide.mcu.externaltools.gnu-tools-for-stm32.13.3.rel1.linux64_1.0.0.202410170706/tools/bin/../lib/gcc/arm-none-eabi/13.3.1/thumb/v7e-m+fp/hard/libgcc.a(_dvmd_tls.o)
 .ARM.attributes
                0x00000b1f       0x22 /opt/st/stm32cubeide_1.18.1/plugins/com.st.stm32cube.ide.mcu.externaltools.gnu-tools-for-stm32.13.3.rel1.linux64_1.0.0.202410170706/tools/bin/../lib/gcc/arm-none-eabi/13.3.1/thumb/v7e-m+fp/hard/crtn.o
OUTPUT(traffic-light-sim.elf elf32-littlearm)
LOAD linker stubs
LOAD /opt/st/stm32cubeide_1.18.1/plugins/com.st.stm32cube.ide.mcu.externaltools.gnu-tools-for-stm32.13.3.rel1.linux64_1.0.0.202410170706/tools/bin/../lib/gcc/arm-none-eabi/13.3.1/../../../../arm-none-eabi/lib/thumb/v7e-m+fp/hard/libc.a
LOAD /opt/st/stm32cubeide_1.18.1/plugins/com.st.stm32cube.ide.mcu.externaltools.gnu-tools-for-stm32.13.3.rel1.linux64_1.0.0.202410170706/tools/bin/../lib/gcc/arm-none-eabi/13.3.1/../../../../arm-none-eabi/lib/thumb/v7e-m+fp/hard/libm.a
LOAD /opt/st/stm32cubeide_1.18.1/plugins/com.st.stm32cube.ide.mcu.externaltools.gnu-tools-for-stm32.13.3.rel1.linux64_1.0.0.202410170706/tools/bin/../lib/gcc/arm-none-eabi/13.3.1/thumb/v7e-m+fp/hard/libgcc.a

.debug_info     0x00000000    0x12248
 .debug_info    0x00000000      0xddc ./Core/Src/main.o
 .debug_info    0x00000ddc      0x919 ./Core/Src/stm32f4xx_hal_msp.o
 .debug_info    0x000016f5       0xd8 ./Core/Src/stm32f4xx_it.o
 .debug_info    0x000017cd      0x6ce ./Core/Src/syscalls.o
 .debug_info    0x00001e9b      0x168 ./Core/Src/sysmem.o
 .debug_info    0x00002003      0x54a ./Core/Src/system_stm32f4xx.o
 .debug_info    0x0000254d       0x30 ./Core/Startup/startup_stm32f446retx.o
 .debug_info    0x0000257d      0x99a ./Drivers/STM32F4xx_HAL_Driver/Src/stm32f4xx_hal.o
 .debug_info    0x00002f17      0xdaa ./Drivers/STM32F4xx_HAL_Driver/Src/stm32f4xx_hal_cortex.o
 .debug_info    0x00003cc1      0x70b ./Drivers/STM32F4xx_HAL_Driver/Src/stm32f4xx_hal_gpio.o
 .debug_info    0x000043cc      0x8ff ./Drivers/STM32F4xx_HAL_Driver/Src/stm32f4xx_hal_rcc.o
 .debug_info    0x00004ccb      0x960 ./Drivers/STM32F4xx_HAL_Driver/Src/stm32f4xx_hal_rcc_ex.o
 .debug_info    0x0000562b     0x2f4f ./Drivers/STM32F4xx_HAL_Driver/Src/stm32f4xx_hal_uart.o
 .debug_info    0x0000857a      0x2d8 ./ThirdParty/FreeRTOS/list.o
 .debug_info    0x00008852     0x28d4 ./ThirdParty/FreeRTOS/tasks.o
 .debug_info    0x0000b126      0x5a3 ./ThirdParty/FreeRTOS/portable/GCC/ARM_CM4F/port.o
 .debug_info    0x0000b6c9      0x5ec ./ThirdParty/FreeRTOS/portable/MemMang/heap_4.o
 .debug_info    0x0000bcb5      0x181 ./ThirdParty/SEGGER/Config/SEGGER_SYSVIEW_Config_FreeRTOS.o
 .debug_info    0x0000be36      0x426 ./ThirdParty/SEGGER/OS/SEGGER_SYSVIEW_FreeRTOS.o
 .debug_info    0x0000c25c     0x14d5 ./ThirdParty/SEGGER/SEGGER/SEGGER_RTT.o
 .debug_info    0x0000d731       0x25 ./ThirdParty/SEGGER/SEGGER/SEGGER_RTT_ASM_ARMv7M.o
 .debug_info    0x0000d756     0x434a ./ThirdParty/SEGGER/SEGGER/SEGGER_SYSVIEW.o
 .debug_info    0x00011aa0      0x7a8 ./ThirdParty/SEGGER/SEGGER/Syscalls/SEGGER_RTT_Syscalls_GCC.o

.debug_abbrev   0x00000000     0x2abf
 .debug_abbrev  0x00000000      0x330 ./Core/Src/main.o
 .debug_abbrev  0x00000330      0x1ad ./Core/Src/stm32f4xx_hal_msp.o
 .debug_abbrev  0x000004dd       0x47 ./Core/Src/stm32f4xx_it.o
 .debug_abbrev  0x00000524      0x1b4 ./Core/Src/syscalls.o
 .debug_abbrev  0x000006d8       0xbc ./Core/Src/sysmem.o
 .debug_abbrev  0x00000794      0x11a ./Core/Src/system_stm32f4xx.o
 .debug_abbrev  0x000008ae       0x24 ./Core/Startup/startup_stm32f446retx.o
 .debug_abbrev  0x000008d2      0x214 ./Drivers/STM32F4xx_HAL_Driver/Src/stm32f4xx_hal.o
 .debug_abbrev  0x00000ae6      0x31d ./Drivers/STM32F4xx_HAL_Driver/Src/stm32f4xx_hal_cortex.o
 .debug_abbrev  0x00000e03      0x1d4 ./Drivers/STM32F4xx_HAL_Driver/Src/stm32f4xx_hal_gpio.o
 .debug_abbrev  0x00000fd7      0x2b7 ./Drivers/STM32F4xx_HAL_Driver/Src/stm32f4xx_hal_rcc.o
 .debug_abbrev  0x0000128e      0x211 ./Drivers/STM32F4xx_HAL_Driver/Src/stm32f4xx_hal_rcc_ex.o
 .debug_abbrev  0x0000149f      0x30e ./Drivers/STM32F4xx_HAL_Driver/Src/stm32f4xx_hal_uart.o
 .debug_abbrev  0x000017ad      0x10c ./ThirdParty/FreeRTOS/list.o
 .debug_abbrev  0x000018b9      0x38a ./ThirdParty/FreeRTOS/tasks.o
 .debug_abbrev  0x00001c43      0x248 ./ThirdParty/FreeRTOS/portable/GCC/ARM_CM4F/port.o
 .debug_abbrev  0x00001e8b      0x258 ./ThirdParty/FreeRTOS/portable/MemMang/heap_4.o
 .debug_abbrev  0x000020e3       0xee ./ThirdParty/SEGGER/Config/SEGGER_SYSVIEW_Config_FreeRTOS.o
 .debug_abbrev  0x000021d1      0x1c0 ./ThirdParty/SEGGER/OS/SEGGER_SYSVIEW_FreeRTOS.o
 .debug_abbrev  0x00002391      0x230 ./ThirdParty/SEGGER/SEGGER/SEGGER_RTT.o
 .debug_abbrev  0x000025c1       0x14 ./ThirdParty/SEGGER/SEGGER/SEGGER_RTT_ASM_ARMv7M.o
 .debug_abbrev  0x000025d5      0x340 ./ThirdParty/SEGGER/SEGGER/SEGGER_SYSVIEW.o
 .debug_abbrev  0x00002915      0x1aa ./ThirdParty/SEGGER/SEGGER/Syscalls/SEGGER_RTT_Syscalls_GCC.o

.debug_aranges  0x00000000      0xfc0
 .debug_aranges
                0x00000000       0x68 ./Core/Src/main.o
 .debug_aranges
                0x00000068       0x30 ./Core/Src/stm32f4xx_hal_msp.o
 .debug_aranges
                0x00000098       0x48 ./Core/Src/stm32f4xx_it.o
 .debug_aranges
                0x000000e0       0xb0 ./Core/Src/syscalls.o
 .debug_aranges
                0x00000190       0x20 ./Core/Src/sysmem.o
 .debug_aranges
                0x000001b0       0x28 ./Core/Src/system_stm32f4xx.o
 .debug_aranges
                0x000001d8       0x28 ./Core/Startup/startup_stm32f446retx.o
 .debug_aranges
                0x00000200       0xf0 ./Drivers/STM32F4xx_HAL_Driver/Src/stm32f4xx_hal.o
 .debug_aranges
                0x000002f0      0x130 ./Drivers/STM32F4xx_HAL_Driver/Src/stm32f4xx_hal_cortex.o
 .debug_aranges
                0x00000420       0x58 ./Drivers/STM32F4xx_HAL_Driver/Src/stm32f4xx_hal_gpio.o
 .debug_aranges
                0x00000478       0x88 ./Drivers/STM32F4xx_HAL_Driver/Src/stm32f4xx_hal_rcc.o
 .debug_aranges
                0x00000500       0x78 ./Drivers/STM32F4xx_HAL_Driver/Src/stm32f4xx_hal_rcc_ex.o
 .debug_aranges
                0x00000578      0x208 ./Drivers/STM32F4xx_HAL_Driver/Src/stm32f4xx_hal_uart.o
 .debug_aranges
                0x00000780       0x40 ./ThirdParty/FreeRTOS/list.o
 .debug_aranges
                0x000007c0      0x228 ./ThirdParty/FreeRTOS/tasks.o
 .debug_aranges
                0x000009e8       0x80 ./ThirdParty/FreeRTOS/portable/GCC/ARM_CM4F/port.o
 .debug_aranges
                0x00000a68       0x68 ./ThirdParty/FreeRTOS/portable/MemMang/heap_4.o
 .debug_aranges
                0x00000ad0       0x28 ./ThirdParty/SEGGER/Config/SEGGER_SYSVIEW_Config_FreeRTOS.o
 .debug_aranges
                0x00000af8       0x48 ./ThirdParty/SEGGER/OS/SEGGER_SYSVIEW_FreeRTOS.o
 .debug_aranges
                0x00000b40      0x138 ./ThirdParty/SEGGER/SEGGER/SEGGER_RTT.o
 .debug_aranges
                0x00000c78       0x20 ./ThirdParty/SEGGER/SEGGER/SEGGER_RTT_ASM_ARMv7M.o
 .debug_aranges
                0x00000c98      0x300 ./ThirdParty/SEGGER/SEGGER/SEGGER_SYSVIEW.o
 .debug_aranges
                0x00000f98       0x28 ./ThirdParty/SEGGER/SEGGER/Syscalls/SEGGER_RTT_Syscalls_GCC.o

.debug_rnglists
                0x00000000      0xc05
 .debug_rnglists
                0x00000000       0x4b ./Core/Src/main.o
 .debug_rnglists
                0x0000004b       0x20 ./Core/Src/stm32f4xx_hal_msp.o
 .debug_rnglists
                0x0000006b       0x31 ./Core/Src/stm32f4xx_it.o
 .debug_rnglists
                0x0000009c       0x7f ./Core/Src/syscalls.o
 .debug_rnglists
                0x0000011b       0x13 ./Core/Src/sysmem.o
 .debug_rnglists
                0x0000012e       0x1a ./Core/Src/system_stm32f4xx.o
 .debug_rnglists
                0x00000148       0x19 ./Core/Startup/startup_stm32f446retx.o
 .debug_rnglists
                0x00000161       0xaf ./Drivers/STM32F4xx_HAL_Driver/Src/stm32f4xx_hal.o
 .debug_rnglists
                0x00000210       0xe0 ./Drivers/STM32F4xx_HAL_Driver/Src/stm32f4xx_hal_cortex.o
 .debug_rnglists
                0x000002f0       0x3f ./Drivers/STM32F4xx_HAL_Driver/Src/stm32f4xx_hal_gpio.o
 .debug_rnglists
                0x0000032f       0x66 ./Drivers/STM32F4xx_HAL_Driver/Src/stm32f4xx_hal_rcc.o
 .debug_rnglists
                0x00000395       0x5e ./Drivers/STM32F4xx_HAL_Driver/Src/stm32f4xx_hal_rcc_ex.o
 .debug_rnglists
                0x000003f3      0x1bc ./Drivers/STM32F4xx_HAL_Driver/Src/stm32f4xx_hal_uart.o
 .debug_rnglists
                0x000005af       0x2b ./ThirdParty/FreeRTOS/list.o
 .debug_rnglists
                0x000005da      0x1bb ./ThirdParty/FreeRTOS/tasks.o
 .debug_rnglists
                0x00000795       0x5d ./ThirdParty/FreeRTOS/portable/GCC/ARM_CM4F/port.o
 .debug_rnglists
                0x000007f2       0x4e ./ThirdParty/FreeRTOS/portable/MemMang/heap_4.o
 .debug_rnglists
                0x00000840       0x19 ./ThirdParty/SEGGER/Config/SEGGER_SYSVIEW_Config_FreeRTOS.o
 .debug_rnglists
                0x00000859       0x36 ./ThirdParty/SEGGER/OS/SEGGER_SYSVIEW_FreeRTOS.o
 .debug_rnglists
                0x0000088f       0xf5 ./ThirdParty/SEGGER/SEGGER/SEGGER_RTT.o
 .debug_rnglists
                0x00000984      0x268 ./ThirdParty/SEGGER/SEGGER/SEGGER_SYSVIEW.o
 .debug_rnglists
                0x00000bec       0x19 ./ThirdParty/SEGGER/SEGGER/Syscalls/SEGGER_RTT_Syscalls_GCC.o

.debug_macro    0x00000000    0x22d48
 .debug_macro   0x00000000      0x387 ./Core/Src/main.o
 .debug_macro   0x00000387      0xad8 ./Core/Src/main.o
 .debug_macro   0x00000e5f      0x295 ./Core/Src/main.o
 .debug_macro   0x000010f4       0x2e ./Core/Src/main.o
 .debug_macro   0x00001122       0x28 ./Core/Src/main.o
 .debug_macro   0x0000114a       0x1c ./Core/Src/main.o
 .debug_macro   0x00001166       0x22 ./Core/Src/main.o
 .debug_macro   0x00001188       0xfb ./Core/Src/main.o
 .debug_macro   0x00001283     0x1011 ./Core/Src/main.o
 .debug_macro   0x00002294      0x11f ./Core/Src/main.o
 .debug_macro   0x000023b3    0x1675e ./Core/Src/main.o
 .debug_macro   0x00018b11       0x6d ./Core/Src/main.o
 .debug_macro   0x00018b7e     0x3693 ./Core/Src/main.o
 .debug_macro   0x0001c211      0x190 ./Core/Src/main.o
 .debug_macro   0x0001c3a1       0x5c ./Core/Src/main.o
 .debug_macro   0x0001c3fd      0xca5 ./Core/Src/main.o
 .debug_macro   0x0001d0a2      0x9e9 ./Core/Src/main.o
 .debug_macro   0x0001da8b      0x115 ./Core/Src/main.o
 .debug_macro   0x0001dba0      0x1a0 ./Core/Src/main.o
 .debug_macro   0x0001dd40       0xa5 ./Core/Src/main.o
 .debug_macro   0x0001dde5      0x16d ./Core/Src/main.o
 .debug_macro   0x0001df52      0x287 ./Core/Src/main.o
 .debug_macro   0x0001e1d9       0x5f ./Core/Src/main.o
 .debug_macro   0x0001e238      0x236 ./Core/Src/main.o
 .debug_macro   0x0001e46e      0x132 ./Core/Src/main.o
 .debug_macro   0x0001e5a0      0x29c ./Core/Src/main.o
 .debug_macro   0x0001e83c       0x2e ./Core/Src/main.o
 .debug_macro   0x0001e86a      0x127 ./Core/Src/main.o
 .debug_macro   0x0001e991       0xe8 ./Core/Src/main.o
 .debug_macro   0x0001ea79       0x89 ./Core/Src/main.o
 .debug_macro   0x0001eb02      0x2aa ./Core/Src/main.o
 .debug_macro   0x0001edac      0x126 ./Core/Src/main.o
 .debug_macro   0x0001eed2       0x58 ./Core/Src/main.o
 .debug_macro   0x0001ef2a      0x115 ./Core/Src/main.o
 .debug_macro   0x0001f03f       0x61 ./Core/Src/main.o
 .debug_macro   0x0001f0a0       0x2a ./Core/Src/main.o
 .debug_macro   0x0001f0ca       0x43 ./Core/Src/main.o
 .debug_macro   0x0001f10d       0x34 ./Core/Src/main.o
 .debug_macro   0x0001f141       0x16 ./Core/Src/main.o
 .debug_macro   0x0001f157       0x3c ./Core/Src/main.o
 .debug_macro   0x0001f193      0x370 ./Core/Src/main.o
 .debug_macro   0x0001f503       0x16 ./Core/Src/main.o
 .debug_macro   0x0001f519       0x4a ./Core/Src/main.o
 .debug_macro   0x0001f563       0x34 ./Core/Src/main.o
 .debug_macro   0x0001f597       0x10 ./Core/Src/main.o
 .debug_macro   0x0001f5a7       0x58 ./Core/Src/main.o
 .debug_macro   0x0001f5ff       0x8e ./Core/Src/main.o
 .debug_macro   0x0001f68d       0x1c ./Core/Src/main.o
 .debug_macro   0x0001f6a9      0x185 ./Core/Src/main.o
 .debug_macro   0x0001f82e       0x16 ./Core/Src/main.o
 .debug_macro   0x0001f844       0x16 ./Core/Src/main.o
 .debug_macro   0x0001f85a      0x146 ./Core/Src/main.o
 .debug_macro   0x0001f9a0      0x1c9 ./Core/Src/stm32f4xx_hal_msp.o
 .debug_macro   0x0001fb69      0x1d3 ./Core/Src/stm32f4xx_it.o
 .debug_macro   0x0001fd3c      0x286 ./Core/Src/syscalls.o
 .debug_macro   0x0001ffc2       0x10 ./Core/Src/syscalls.o
 .debug_macro   0x0001ffd2       0x5b ./Core/Src/syscalls.o
 .debug_macro   0x0002002d       0x94 ./Core/Src/syscalls.o
 .debug_macro   0x000200c1       0x57 ./Core/Src/syscalls.o
 .debug_macro   0x00020118      0x23c ./Core/Src/syscalls.o
 .debug_macro   0x00020354       0x10 ./Core/Src/syscalls.o
 .debug_macro   0x00020364       0x1c ./Core/Src/syscalls.o
 .debug_macro   0x00020380       0x52 ./Core/Src/syscalls.o
 .debug_macro   0x000203d2       0x22 ./Core/Src/syscalls.o
 .debug_macro   0x000203f4       0x10 ./Core/Src/syscalls.o
 .debug_macro   0x00020404       0x52 ./Core/Src/syscalls.o
 .debug_macro   0x00020456       0xcf ./Core/Src/syscalls.o
 .debug_macro   0x00020525       0x1c ./Core/Src/syscalls.o
 .debug_macro   0x00020541       0x3d ./Core/Src/syscalls.o
 .debug_macro   0x0002057e      0x18a ./Core/Src/syscalls.o
 .debug_macro   0x00020708       0x16 ./Core/Src/syscalls.o
 .debug_macro   0x0002071e       0x1c ./Core/Src/syscalls.o
 .debug_macro   0x0002073a       0x10 ./Core/Src/syscalls.o
 .debug_macro   0x0002074a       0x10 ./Core/Src/syscalls.o
 .debug_macro   0x0002075a       0x16 ./Core/Src/syscalls.o
 .debug_macro   0x00020770       0x16 ./Core/Src/syscalls.o
 .debug_macro   0x00020786       0x29 ./Core/Src/syscalls.o
 .debug_macro   0x000207af       0x16 ./Core/Src/syscalls.o
 .debug_macro   0x000207c5       0x10 ./Core/Src/syscalls.o
 .debug_macro   0x000207d5       0x10 ./Core/Src/syscalls.o
 .debug_macro   0x000207e5       0x35 ./Core/Src/syscalls.o
 .debug_macro   0x0002081a      0x12c ./Core/Src/syscalls.o
 .debug_macro   0x00020946       0xce ./Core/Src/syscalls.o
 .debug_macro   0x00020a14      0x112 ./Core/Src/sysmem.o
 .debug_macro   0x00020b26      0x1ba ./Core/Src/system_stm32f4xx.o
 .debug_macro   0x00020ce0      0x21a ./Drivers/STM32F4xx_HAL_Driver/Src/stm32f4xx_hal.o
 .debug_macro   0x00020efa      0x1ba ./Drivers/STM32F4xx_HAL_Driver/Src/stm32f4xx_hal_cortex.o
 .debug_macro   0x000210b4      0x1c0 ./Drivers/STM32F4xx_HAL_Driver/Src/stm32f4xx_hal_gpio.o
 .debug_macro   0x00021274      0x1de ./Drivers/STM32F4xx_HAL_Driver/Src/stm32f4xx_hal_rcc.o