../Core/Src/main.c:88:1:main	16	static
../Core/Src/main.c:152:1:SystemClock_Config	88	static
../Core/Src/main.c:201:1:MX_USART2_UART_Init	8	static
../Core/Src/main.c:234:1:MX_GPIO_Init	48	static
../Core/Src/main.c:271:1:enableCycleCounter	4	static
../Core/Src/main.c:279:1:getCycleCount	4	static
../Core/Src/main.c:285:1:measureForLoop	40	static
../Core/Src/main.c:306:1:vApplicationStackOverflowHook	16	static
../Core/Src/main.c:315:1:vApplicationMallocFailedHook	8	static
../Core/Src/main.c:329:1:Error_Handler	4	static,ignoring_inline_asm
