../Core/Src/syscalls.c:42:1:initialise_monitor_handles	4	static
../Core/Src/syscalls.c:60:1:ITM_SendChar	16	static
../Core/Src/syscalls.c:78:1:_getpid	4	static
../Core/Src/syscalls.c:84:1:_kill	16	static
../Core/Src/syscalls.c:93:1:_exit	16	static
../Core/Src/syscalls.c:102:1:_read	32	static
../Core/Src/syscalls.c:116:1:_write	32	static
../Core/Src/syscalls.c:129:1:_close	16	static
../Core/Src/syscalls.c:136:1:_fstat	16	static
../Core/Src/syscalls.c:144:1:_isatty	16	static
../Core/Src/syscalls.c:151:1:_lseek	24	static
../Core/Src/syscalls.c:160:1:_open	12	static
../Core/Src/syscalls.c:169:1:_wait	16	static
../Core/Src/syscalls.c:177:1:_unlink	16	static
../Core/Src/syscalls.c:185:1:_times	16	static
../Core/Src/syscalls.c:192:1:_stat	16	static
../Core/Src/syscalls.c:200:1:_link	16	static
../Core/Src/syscalls.c:209:1:_fork	8	static
../Core/Src/syscalls.c:216:1:_execve	24	static
